
Allocating common symbols
Common symbol       size              file

Temp                0x4               rc522.o
AS608Para           0xc               as608.o
RF_Buffer           0x12              rc522.o
exti_irq_handle     0x80              ls1c102_Interrupt.o
STS                 0x1               ls1c102_i2c.o
Count               0x4               main.o
USART0_RX_BUF       0x190             as608.o
UID                 0x5               rc522.o
Password            0x4               main.o
_rand_next          0x4               ls1x_printf.o
SystemFreq          0x4               ls1x_clock.o
Flash_pe            0x1               ls1x_flash.o

Discarded input sections

 .text          0x0000000000000000       0x14 start.o
 .data          0x0000000000000000        0x0 start.o
 .bss           0x0000000000000000        0x0 start.o
 .text          0x0000000000000000       0xbc serial.o
 .data          0x0000000000000000        0x0 serial.o
 .bss           0x0000000000000000        0x0 serial.o
 .rodata        0x0000000000000000       0x1a serial.o
 .debug_line    0x0000000000000000       0x95 serial.o
 .debug_info    0x0000000000000000       0x26 serial.o
 .debug_abbrev  0x0000000000000000       0x14 serial.o
 .debug_aranges
                0x0000000000000000       0x20 serial.o
 .debug_str     0x0000000000000000       0x7a serial.o
 .text          0x0000000000000000      0x148 wakeup.o
 .data          0x0000000000000000        0x0 wakeup.o
 .bss           0x0000000000000000        0x0 wakeup.o
 .debug_line    0x0000000000000000       0x7d wakeup.o
 .debug_info    0x0000000000000000       0x26 wakeup.o
 .debug_abbrev  0x0000000000000000       0x14 wakeup.o
 .debug_aranges
                0x0000000000000000       0x20 wakeup.o
 .debug_str     0x0000000000000000       0x7a wakeup.o
 .text          0x0000000000000000        0x0 UserGpio.o
 .data          0x0000000000000000        0x0 UserGpio.o
 .bss           0x0000000000000000        0x0 UserGpio.o
 .text.GPIOInit
                0x0000000000000000       0x7c UserGpio.o
 .debug_info    0x0000000000000000      0x1d9 UserGpio.o
 .debug_abbrev  0x0000000000000000       0xe2 UserGpio.o
 .debug_aranges
                0x0000000000000000       0x20 UserGpio.o
 .debug_ranges  0x0000000000000000       0x10 UserGpio.o
 .debug_line    0x0000000000000000      0x1b7 UserGpio.o
 .debug_str     0x0000000000000000      0x256 UserGpio.o
 .comment       0x0000000000000000       0x12 UserGpio.o
 .eh_frame      0x0000000000000000       0x3c UserGpio.o
 .text          0x0000000000000000        0x0 ls1x_clock.o
 .data          0x0000000000000000        0x0 ls1x_clock.o
 .bss           0x0000000000000000        0x0 ls1x_clock.o
 .text.CLOCK_IramToDramEn
                0x0000000000000000       0x1c ls1x_clock.o
 .text.CLOCK_WaitForHSEStartUp
                0x0000000000000000       0x40 ls1x_clock.o
 .text.CLOCK_WaitForLSEStartUp
                0x0000000000000000       0x20 ls1x_clock.o
 .text.CLOCK_HSEConfig
                0x0000000000000000       0x50 ls1x_clock.o
 .text.CLOCK_LSEConfig
                0x0000000000000000       0x38 ls1x_clock.o
 .text.CLOCK_StructInit
                0x0000000000000000       0x28 ls1x_clock.o
 .text.CLOCK_Init
                0x0000000000000000      0x1b4 ls1x_clock.o
 .text.CLOCK_GetFlagStatus
                0x0000000000000000       0x10 ls1x_clock.o
 .text.CLOCK_GetClocksFreq
                0x0000000000000000       0x5c ls1x_clock.o
 .text.SystemClockInit
                0x0000000000000000       0x7c ls1x_clock.o
 .debug_info    0x0000000000000000      0x5fa ls1x_clock.o
 .debug_abbrev  0x0000000000000000      0x206 ls1x_clock.o
 .debug_loc     0x0000000000000000      0x2e5 ls1x_clock.o
 .debug_aranges
                0x0000000000000000       0x68 ls1x_clock.o
 .debug_ranges  0x0000000000000000       0x58 ls1x_clock.o
 .debug_line    0x0000000000000000      0x454 ls1x_clock.o
 .debug_str     0x0000000000000000      0x486 ls1x_clock.o
 .comment       0x0000000000000000       0x12 ls1x_clock.o
 .eh_frame      0x0000000000000000      0x118 ls1x_clock.o
 COMMON         0x0000000000000000        0x4 ls1x_clock.o
 .text          0x0000000000000000        0x0 ls1x_common.o
 .data          0x0000000000000000        0x0 ls1x_common.o
 .bss           0x0000000000000000        0x0 ls1x_common.o
 .text.IsGlobalIntOpen
                0x0000000000000000        0xc ls1x_common.o
 .text.DisableInt
                0x0000000000000000        0xc ls1x_common.o
 .text.Set_soft_int
                0x0000000000000000        0xc ls1x_common.o
 .text.Set_soft_stop
                0x0000000000000000        0xc ls1x_common.o
 .text.Set_Timer_Init
                0x0000000000000000       0x10 ls1x_common.o
 .text.Wake_Set
                0x0000000000000000       0x54 ls1x_common.o
 .text.Wake_256sec_Set
                0x0000000000000000       0x50 ls1x_common.o
 .eh_frame      0x0000000000000000       0xdc ls1x_common.o
 .text          0x0000000000000000        0x0 ls1x_exti.o
 .data          0x0000000000000000        0x0 ls1x_exti.o
 .bss           0x0000000000000000        0x0 ls1x_exti.o
 .text.EXTI_DeInit
                0x0000000000000000       0x14 ls1x_exti.o
 .text.EXTI_Init
                0x0000000000000000       0xd0 ls1x_exti.o
 .text.EXTI_StructInit
                0x0000000000000000       0x18 ls1x_exti.o
 .text.EXTI_GetFlagStatus
                0x0000000000000000       0x14 ls1x_exti.o
 .text.EXTI_ClearFlag
                0x0000000000000000       0x10 ls1x_exti.o
 .text.EXTI_GetITStatus
                0x0000000000000000       0x30 ls1x_exti.o
 .eh_frame      0x0000000000000000       0xa0 ls1x_exti.o
 .text          0x0000000000000000        0x0 ls1x_flash.o
 .data          0x0000000000000000        0x0 ls1x_flash.o
 .bss           0x0000000000000000        0x0 ls1x_flash.o
 .text.FLASH_ReadPage
                0x0000000000000000       0x44 ls1x_flash.o
 .text.FLASH_GetStatus
                0x0000000000000000       0x10 ls1x_flash.o
 .text.FLASH_WaitForPeEnd
                0x0000000000000000       0x64 ls1x_flash.o
 .text.FLASH_ErasePage
                0x0000000000000000       0x38 ls1x_flash.o
 .text.FLASH_EraseUserFlash
                0x0000000000000000       0x68 ls1x_flash.o
 .text.FLASH_WitePage
                0x0000000000000000      0x1dc ls1x_flash.o
 .text.FLASH_GetFlagStatus
                0x0000000000000000       0x18 ls1x_flash.o
 .text.FLASH_ITConfig
                0x0000000000000000       0x2c ls1x_flash.o
 .text.FLASH_ITCmd
                0x0000000000000000       0x30 ls1x_flash.o
 .text.FLASH_ClearIT
                0x0000000000000000       0x2c ls1x_flash.o
 .text.FLASH_WiteTest
                0x0000000000000000       0x78 ls1x_flash.o
 .rodata.FLASH_ReadTest.str1.4
                0x0000000000000000        0xa ls1x_flash.o
 .text.FLASH_ReadTest
                0x0000000000000000       0x90 ls1x_flash.o
 .debug_info    0x0000000000000000      0x89d ls1x_flash.o
 .debug_abbrev  0x0000000000000000      0x2c2 ls1x_flash.o
 .debug_loc     0x0000000000000000      0x863 ls1x_flash.o
 .debug_aranges
                0x0000000000000000       0x78 ls1x_flash.o
 .debug_ranges  0x0000000000000000       0x68 ls1x_flash.o
 .debug_line    0x0000000000000000      0x6f0 ls1x_flash.o
 .debug_str     0x0000000000000000      0x4e0 ls1x_flash.o
 .comment       0x0000000000000000       0x12 ls1x_flash.o
 .eh_frame      0x0000000000000000      0x16c ls1x_flash.o
 COMMON         0x0000000000000000        0x1 ls1x_flash.o
 .text          0x0000000000000000        0x0 ls1x_gpio.o
 .data          0x0000000000000000        0x0 ls1x_gpio.o
 .bss           0x0000000000000000        0x0 ls1x_gpio.o
 .text.AFIO_RemapConfig
                0x0000000000000000       0x4c ls1x_gpio.o
 .debug_info    0x0000000000000000      0x1e0 ls1x_gpio.o
 .debug_abbrev  0x0000000000000000       0xf6 ls1x_gpio.o
 .debug_loc     0x0000000000000000       0xaa ls1x_gpio.o
 .debug_aranges
                0x0000000000000000       0x20 ls1x_gpio.o
 .debug_ranges  0x0000000000000000       0x10 ls1x_gpio.o
 .debug_line    0x0000000000000000      0x1d9 ls1x_gpio.o
 .debug_str     0x0000000000000000      0x2bb ls1x_gpio.o
 .comment       0x0000000000000000       0x12 ls1x_gpio.o
 .eh_frame      0x0000000000000000       0x28 ls1x_gpio.o
 .text          0x0000000000000000        0x0 ls1x_latimer.o
 .data          0x0000000000000000        0x0 ls1x_latimer.o
 .bss           0x0000000000000000        0x0 ls1x_latimer.o
 .text.get_count
                0x0000000000000000        0x8 ls1x_latimer.o
 .text.open_count
                0x0000000000000000        0xc ls1x_latimer.o
 .text.close_count
                0x0000000000000000        0xc ls1x_latimer.o
 .text.start_count
                0x0000000000000000       0x30 ls1x_latimer.o
 .text.stop_count
                0x0000000000000000       0x40 ls1x_latimer.o
 .text.delay_cycle
                0x0000000000000000       0x4c ls1x_latimer.o
 .text.delay_us
                0x0000000000000000       0x1c ls1x_latimer.o
 .text.delay_ms
                0x0000000000000000       0x24 ls1x_latimer.o
 .text.delay_s  0x0000000000000000       0x20 ls1x_latimer.o
 .text.SetTime  0x0000000000000000       0x44 ls1x_latimer.o
 .text.CompareTime
                0x0000000000000000       0x38 ls1x_latimer.o
 .debug_info    0x0000000000000000      0x3d0 ls1x_latimer.o
 .debug_abbrev  0x0000000000000000      0x18c ls1x_latimer.o
 .debug_loc     0x0000000000000000      0x1fb ls1x_latimer.o
 .debug_aranges
                0x0000000000000000       0x70 ls1x_latimer.o
 .debug_ranges  0x0000000000000000       0x60 ls1x_latimer.o
 .debug_line    0x0000000000000000      0x30b ls1x_latimer.o
 .debug_str     0x0000000000000000      0x2c8 ls1x_latimer.o
 .comment       0x0000000000000000       0x12 ls1x_latimer.o
 .eh_frame      0x0000000000000000      0x14c ls1x_latimer.o
 .text          0x0000000000000000        0x0 ls1x_logo.o
 .data          0x0000000000000000        0x0 ls1x_logo.o
 .bss           0x0000000000000000        0x0 ls1x_logo.o
 .rodata.ls1x_logo.str1.4
                0x0000000000000000      0x387 ls1x_logo.o
 .text.ls1x_logo
                0x0000000000000000       0x8c ls1x_logo.o
 .debug_info    0x0000000000000000      0x12b ls1x_logo.o
 .debug_abbrev  0x0000000000000000       0x67 ls1x_logo.o
 .debug_aranges
                0x0000000000000000       0x20 ls1x_logo.o
 .debug_ranges  0x0000000000000000       0x10 ls1x_logo.o
 .debug_line    0x0000000000000000       0xbc ls1x_logo.o
 .debug_str     0x0000000000000000      0x136 ls1x_logo.o
 .comment       0x0000000000000000       0x12 ls1x_logo.o
 .eh_frame      0x0000000000000000       0x34 ls1x_logo.o
 .text          0x0000000000000000        0x0 ls1x_pmu.o
 .data          0x0000000000000000        0x0 ls1x_pmu.o
 .bss           0x0000000000000000        0x0 ls1x_pmu.o
 .text.PMU_GetRstRrc
                0x0000000000000000       0x38 ls1x_pmu.o
 .text.PMU_GetBootSpiStatus
                0x0000000000000000       0x24 ls1x_pmu.o
 .debug_info    0x0000000000000000      0x305 ls1x_pmu.o
 .debug_abbrev  0x0000000000000000      0x10b ls1x_pmu.o
 .debug_loc     0x0000000000000000       0x5a ls1x_pmu.o
 .debug_aranges
                0x0000000000000000       0x28 ls1x_pmu.o
 .debug_ranges  0x0000000000000000       0x18 ls1x_pmu.o
 .debug_line    0x0000000000000000      0x1ca ls1x_pmu.o
 .debug_str     0x0000000000000000      0x35b ls1x_pmu.o
 .comment       0x0000000000000000       0x12 ls1x_pmu.o
 .eh_frame      0x0000000000000000       0x3c ls1x_pmu.o
 .text          0x0000000000000000        0x0 ls1x_printf.o
 .data          0x0000000000000000        0x0 ls1x_printf.o
 .bss           0x0000000000000000        0x0 ls1x_printf.o
 .text.mygetchar
                0x0000000000000000       0x1c ls1x_printf.o
 .rodata.printBuf.str1.4
                0x0000000000000000        0x7 ls1x_printf.o
 .text.printBuf
                0x0000000000000000       0x64 ls1x_printf.o
 .text.vsputs   0x0000000000000000       0x50 ls1x_printf.o
 .text.vsputchar
                0x0000000000000000        0xc ls1x_printf.o
 .text.vsprintbase
                0x0000000000000000       0xe4 ls1x_printf.o
 .text.vsprintf
                0x0000000000000000      0x22c ls1x_printf.o
 .rodata.vsprintf
                0x0000000000000000      0x150 ls1x_printf.o
 .text.sprintf  0x0000000000000000       0x38 ls1x_printf.o
 .text.rand     0x0000000000000000       0x30 ls1x_printf.o
 .eh_frame      0x0000000000000000      0x1c4 ls1x_printf.o
 COMMON         0x0000000000000000        0x4 ls1x_printf.o
 .text          0x0000000000000000        0x0 ls1x_rtc.o
 .data          0x0000000000000000        0x0 ls1x_rtc.o
 .bss           0x0000000000000000        0x0 ls1x_rtc.o
 .text.Rtc_Read
                0x0000000000000000       0x48 ls1x_rtc.o
 .text.Rtc_Write
                0x0000000000000000       0xf8 ls1x_rtc.o
 .text.RtcUpdateData
                0x0000000000000000       0x2c ls1x_rtc.o
 .debug_info    0x0000000000000000      0x224 ls1x_rtc.o
 .debug_abbrev  0x0000000000000000      0x128 ls1x_rtc.o
 .debug_loc     0x0000000000000000       0xca ls1x_rtc.o
 .debug_aranges
                0x0000000000000000       0x30 ls1x_rtc.o
 .debug_ranges  0x0000000000000000       0x20 ls1x_rtc.o
 .debug_line    0x0000000000000000      0x291 ls1x_rtc.o
 .debug_str     0x0000000000000000      0x260 ls1x_rtc.o
 .comment       0x0000000000000000       0x12 ls1x_rtc.o
 .eh_frame      0x0000000000000000       0x5c ls1x_rtc.o
 .text          0x0000000000000000        0x0 ls1x_spi.o
 .data          0x0000000000000000        0x0 ls1x_spi.o
 .bss           0x0000000000000000        0x0 ls1x_spi.o
 .rodata.Spi_FreqDiv.str1.4
                0x0000000000000000       0x17 ls1x_spi.o
 .text.Spi_FreqDiv
                0x0000000000000000       0x98 ls1x_spi.o
 .text.Spi_Init
                0x0000000000000000       0x40 ls1x_spi.o
 .text.Spi_Write_Read_1to4
                0x0000000000000000       0x80 ls1x_spi.o
 .text.Spi_Write_Read_N
                0x0000000000000000       0x98 ls1x_spi.o
 .text.Spi_Cs_Down
                0x0000000000000000       0x24 ls1x_spi.o
 .text.Spi_Cs_Up
                0x0000000000000000       0x28 ls1x_spi.o
 .text.Spi_Send
                0x0000000000000000       0x40 ls1x_spi.o
 .text.Spiflash_Rdsr
                0x0000000000000000       0x38 ls1x_spi.o
 .text.Spiflash_Wait_Wip_Zero
                0x0000000000000000       0x20 ls1x_spi.o
 .text.Spiflash_Wren
                0x0000000000000000       0x38 ls1x_spi.o
 .text.Spiflash_Wrsr
                0x0000000000000000       0x48 ls1x_spi.o
 .text.Spiflash_Rdsr2
                0x0000000000000000       0x38 ls1x_spi.o
 .text.Spiflash_Rdsr3
                0x0000000000000000       0x38 ls1x_spi.o
 .text.Spiflash_Rdid
                0x0000000000000000       0x4c ls1x_spi.o
 .text.Spiflash_Sector_Erase
                0x0000000000000000       0x4c ls1x_spi.o
 .text.Spiflash_Block64k_Erase
                0x0000000000000000       0x4c ls1x_spi.o
 .text.Spiflash_Page_Program
                0x0000000000000000       0x70 ls1x_spi.o
 .text.Spiflash_Read_Bytes
                0x0000000000000000       0x68 ls1x_spi.o
 .rodata.SPI_TransByte.str1.4
                0x0000000000000000       0x2a ls1x_spi.o
 .text.SPI_TransByte
                0x0000000000000000       0xac ls1x_spi.o
 .text.SpiFlashCsn0Enable
                0x0000000000000000       0x10 ls1x_spi.o
 .text.SpiFlashCsn0Disable
                0x0000000000000000       0x10 ls1x_spi.o
 .debug_info    0x0000000000000000      0x86b ls1x_spi.o
 .debug_abbrev  0x0000000000000000      0x230 ls1x_spi.o
 .debug_loc     0x0000000000000000      0x40d ls1x_spi.o
 .debug_aranges
                0x0000000000000000       0xc0 ls1x_spi.o
 .debug_ranges  0x0000000000000000       0xb0 ls1x_spi.o
 .debug_line    0x0000000000000000      0x741 ls1x_spi.o
 .debug_str     0x0000000000000000      0x3c7 ls1x_spi.o
 .comment       0x0000000000000000       0x12 ls1x_spi.o
 .eh_frame      0x0000000000000000      0x258 ls1x_spi.o
 .text          0x0000000000000000        0x0 ls1x_string.o
 .data          0x0000000000000000        0x0 ls1x_string.o
 .bss           0x0000000000000000        0x0 ls1x_string.o
 .text.memcmp   0x0000000000000000       0x30 ls1x_string.o
 .text.memcpy   0x0000000000000000       0x28 ls1x_string.o
 .text.pstrstr  0x0000000000000000       0x50 ls1x_string.o
 .text.strchr   0x0000000000000000       0x34 ls1x_string.o
 .text.atoi     0x0000000000000000       0x70 ls1x_string.o
 .text.itoa     0x0000000000000000       0xa4 ls1x_string.o
 .text.strcat   0x0000000000000000       0x38 ls1x_string.o
 .text.strcmp   0x0000000000000000       0x34 ls1x_string.o
 .text.strcpy   0x0000000000000000       0x1c ls1x_string.o
 .text.strlen   0x0000000000000000       0x24 ls1x_string.o
 .text.isContained
                0x0000000000000000       0x30 ls1x_string.o
 .text.strtok_r
                0x0000000000000000      0x11c ls1x_string.o
 .rodata.hex_to_str.str1.4
                0x0000000000000000        0x5 ls1x_string.o
 .text.hex_to_str
                0x0000000000000000       0x68 ls1x_string.o
 .text.str_to_hex
                0x0000000000000000       0x68 ls1x_string.o
 .text.atohex   0x0000000000000000       0xb0 ls1x_string.o
 .eh_frame      0x0000000000000000      0x1b4 ls1x_string.o
 .text          0x0000000000000000        0x0 ls1x_uart.o
 .data          0x0000000000000000        0x0 ls1x_uart.o
 .bss           0x0000000000000000        0x0 ls1x_uart.o
 .text.UART_Init
                0x0000000000000000       0xe8 ls1x_uart.o
 .text.Uart_init
                0x0000000000000000       0x4c ls1x_uart.o
 .text.UART_StructInit
                0x0000000000000000       0x3c ls1x_uart.o
 .text.UART_ITConfig
                0x0000000000000000       0x2c ls1x_uart.o
 .text.UART_ReceiveData
                0x0000000000000000       0x18 ls1x_uart.o
 .text.UART_GetFlagStatus
                0x0000000000000000       0x20 ls1x_uart.o
 .text.UART_GetITStatus
                0x0000000000000000       0x20 ls1x_uart.o
 .text.UART_ClearITPendingBit
                0x0000000000000000       0x48 ls1x_uart.o
 .text.x_getchar
                0x0000000000000000       0x10 ls1x_uart.o
 .rodata.UartInit.str1.4
                0x0000000000000000       0x10 ls1x_uart.o
 .text.UartInit
                0x0000000000000000       0x64 ls1x_uart.o
 .text.Uart0_init_buad
                0x0000000000000000       0x68 ls1x_uart.o
 .text.Uart1_init
                0x0000000000000000       0x54 ls1x_uart.o
 .eh_frame      0x0000000000000000      0x140 ls1x_uart.o
 .text          0x0000000000000000        0x0 ls1x_wdg.o
 .data          0x0000000000000000        0x0 ls1x_wdg.o
 .bss           0x0000000000000000        0x0 ls1x_wdg.o
 .text.WDG_SetWatchDog
                0x0000000000000000       0x24 ls1x_wdg.o
 .text.WdgInit  0x0000000000000000       0x20 ls1x_wdg.o
 .eh_frame      0x0000000000000000       0x58 ls1x_wdg.o
 .text          0x0000000000000000        0x0 soc_AT24CXX.o
 .data          0x0000000000000000        0x0 soc_AT24CXX.o
 .bss           0x0000000000000000        0x0 soc_AT24CXX.o
 .text.AT24CXX_WriteByte
                0x0000000000000000       0x74 soc_AT24CXX.o
 .text.AT24CXX_ReadByte
                0x0000000000000000       0x84 soc_AT24CXX.o
 .text.AT24CXX_Read2Byte
                0x0000000000000000       0x94 soc_AT24CXX.o
 .debug_info    0x0000000000000000      0x4a0 soc_AT24CXX.o
 .debug_abbrev  0x0000000000000000      0x144 soc_AT24CXX.o
 .debug_loc     0x0000000000000000       0xf4 soc_AT24CXX.o
 .debug_aranges
                0x0000000000000000       0x30 soc_AT24CXX.o
 .debug_ranges  0x0000000000000000       0x20 soc_AT24CXX.o
 .debug_line    0x0000000000000000      0x218 soc_AT24CXX.o
 .debug_str     0x0000000000000000      0x2f6 soc_AT24CXX.o
 .comment       0x0000000000000000       0x12 soc_AT24CXX.o
 .eh_frame      0x0000000000000000       0x84 soc_AT24CXX.o
 .text          0x0000000000000000        0x0 soc_gpio.o
 .data          0x0000000000000000        0x0 soc_gpio.o
 .bss           0x0000000000000000        0x0 soc_gpio.o
 .eh_frame      0x0000000000000000       0x50 soc_gpio.o
 .text          0x0000000000000000        0x0 soc_hpet.o
 .data          0x0000000000000000        0x0 soc_hpet.o
 .bss           0x0000000000000000        0x0 soc_hpet.o
 .text.timer_interrupt
                0x0000000000000000       0x44 soc_hpet.o
 .debug_info    0x0000000000000000      0x142 soc_hpet.o
 .debug_abbrev  0x0000000000000000       0x89 soc_hpet.o
 .debug_aranges
                0x0000000000000000       0x20 soc_hpet.o
 .debug_ranges  0x0000000000000000       0x10 soc_hpet.o
 .debug_line    0x0000000000000000       0xb0 soc_hpet.o
 .debug_str     0x0000000000000000      0x1dc soc_hpet.o
 .comment       0x0000000000000000       0x12 soc_hpet.o
 .eh_frame      0x0000000000000000       0x28 soc_hpet.o
 .text          0x0000000000000000        0x0 soc_i2c.o
 .data          0x0000000000000000        0x0 soc_i2c.o
 .bss           0x0000000000000000        0x0 soc_i2c.o
 .text.soc_I2C_ReceiveData
                0x0000000000000000       0x44 soc_i2c.o
 .eh_frame      0x0000000000000000       0xf4 soc_i2c.o
 .text          0x0000000000000000        0x0 soc_printf.o
 .data          0x0000000000000000        0x0 soc_printf.o
 .bss           0x0000000000000000        0x0 soc_printf.o
 .text.soc_myputchar
                0x0000000000000000       0x38 soc_printf.o
 .text.soc_puts
                0x0000000000000000       0x58 soc_printf.o
 .text.soc_printbase
                0x0000000000000000       0xf0 soc_printf.o
 .text.soc_myprintf
                0x0000000000000000      0x250 soc_printf.o
 .rodata.soc_myprintf
                0x0000000000000000      0x150 soc_printf.o
 .debug_info    0x0000000000000000      0x3da soc_printf.o
 .debug_abbrev  0x0000000000000000      0x17e soc_printf.o
 .debug_loc     0x0000000000000000      0x374 soc_printf.o
 .debug_aranges
                0x0000000000000000       0x38 soc_printf.o
 .debug_ranges  0x0000000000000000       0x28 soc_printf.o
 .debug_line    0x0000000000000000      0x496 soc_printf.o
 .debug_str     0x0000000000000000      0x24b soc_printf.o
 .comment       0x0000000000000000       0x12 soc_printf.o
 .eh_frame      0x0000000000000000       0xb0 soc_printf.o
 .text          0x0000000000000000        0x0 soc_pwm.o
 .data          0x0000000000000000        0x0 soc_pwm.o
 .bss           0x0000000000000000        0x0 soc_pwm.o
 .text.pwm_init
                0x0000000000000000       0x28 soc_pwm.o
 .text.pwm_set  0x0000000000000000       0x14 soc_pwm.o
 .eh_frame      0x0000000000000000       0x64 soc_pwm.o
 .text          0x0000000000000000        0x0 soc_spi.o
 .data          0x0000000000000000        0x0 soc_spi.o
 .bss           0x0000000000000000        0x0 soc_spi.o
 .text.soc_Spi_Write_Read_N
                0x0000000000000000       0x98 soc_spi.o
 .eh_frame      0x0000000000000000       0xb8 soc_spi.o
 .text          0x0000000000000000        0x0 soc_uart.o
 .data          0x0000000000000000        0x0 soc_uart.o
 .bss           0x0000000000000000        0x0 soc_uart.o
 .text.uart1_interrupt
                0x0000000000000000       0x18 soc_uart.o
 .text.uart0_interrupt
                0x0000000000000000       0x18 soc_uart.o
 .text.my_recv_buf_init
                0x0000000000000000       0x4c soc_uart.o
 .text.uart_recv
                0x0000000000000000       0x94 soc_uart.o
 .text.uart_send
                0x0000000000000000       0x48 soc_uart.o
 .bss.g_recv_flag
                0x0000000000000000        0x4 soc_uart.o
 .eh_frame      0x0000000000000000       0xb0 soc_uart.o
 .text          0x0000000000000000        0x0 soc_w25qxx.o
 .data          0x0000000000000000        0x0 soc_w25qxx.o
 .bss           0x0000000000000000        0x0 soc_w25qxx.o
 .text.W25QXX_ReadID
                0x0000000000000000       0x58 soc_w25qxx.o
 .debug_info    0x0000000000000000      0x1b3 soc_w25qxx.o
 .debug_abbrev  0x0000000000000000       0xd5 soc_w25qxx.o
 .debug_aranges
                0x0000000000000000       0x20 soc_w25qxx.o
 .debug_ranges  0x0000000000000000       0x10 soc_w25qxx.o
 .debug_line    0x0000000000000000      0x199 soc_w25qxx.o
 .debug_str     0x0000000000000000      0x267 soc_w25qxx.o
 .comment       0x0000000000000000       0x12 soc_w25qxx.o
 .eh_frame      0x0000000000000000       0x34 soc_w25qxx.o
 .text          0x0000000000000000        0x0 as608.o
 .data          0x0000000000000000        0x0 as608.o
 .bss           0x0000000000000000        0x0 as608.o
 .text.AS608_Check
                0x0000000000000000       0x98 as608.o
 .text.as608_init
                0x0000000000000000       0x18 as608.o
 .text.PS_Search
                0x0000000000000000      0x108 as608.o
 .text.PS_DeletChar
                0x0000000000000000       0xb8 as608.o
 .text.PS_WriteReg
                0x0000000000000000       0xa4 as608.o
 .text.PS_ReadSysPara
                0x0000000000000000       0xe4 as608.o
 .text.PS_SetAddr
                0x0000000000000000      0x110 as608.o
 .text.PS_WriteNotepad
                0x0000000000000000       0xcc as608.o
 .text.PS_ReadNotepad
                0x0000000000000000       0xa0 as608.o
 .text.PS_ValidTempleteNum
                0x0000000000000000       0xa0 as608.o
 .text.PS_HandShake
                0x0000000000000000       0x60 as608.o
 .rodata.EnsureMessage.str1.4
                0x0000000000000000      0x1b5 as608.o
 .text.EnsureMessage
                0x0000000000000000      0x124 as608.o
 .rodata.EnsureMessage
                0x0000000000000000       0x84 as608.o
 .text.Del_FR   0x0000000000000000       0x60 as608.o
 .data.Get_Device_Code
                0x0000000000000000        0xa as608.o
 .bss.str2      0x0000000000000000        0x6 as608.o
 .eh_frame      0x0000000000000000      0x498 as608.o
 .text          0x0000000000000000        0x0 duoji.o
 .data          0x0000000000000000        0x0 duoji.o
 .bss           0x0000000000000000        0x0 duoji.o
 .eh_frame      0x0000000000000000       0x84 duoji.o
 .text          0x0000000000000000        0x0 key.o
 .data          0x0000000000000000        0x0 key.o
 .bss           0x0000000000000000        0x0 key.o
 .eh_frame      0x0000000000000000       0x50 key.o
 .text          0x0000000000000000        0x0 led.o
 .data          0x0000000000000000        0x0 led.o
 .bss           0x0000000000000000        0x0 led.o
 .text.LEDred_ON
                0x0000000000000000       0x20 led.o
 .text.LEDred_OFF
                0x0000000000000000       0x20 led.o
 .text.LEDblue_ON
                0x0000000000000000       0x20 led.o
 .text.LEDblue_OFF
                0x0000000000000000       0x20 led.o
 .text.Buzzer_two
                0x0000000000000000       0x54 led.o
 .eh_frame      0x0000000000000000       0xe4 led.o
 .text          0x0000000000000000        0x0 ls1c102_i2c.o
 .data          0x0000000000000000        0x0 ls1c102_i2c.o
 .bss           0x0000000000000000        0x0 ls1c102_i2c.o
 .text.I2C_StructInit
                0x0000000000000000       0x2c ls1c102_i2c.o
 .text.I2C_ITConfig
                0x0000000000000000       0x28 ls1c102_i2c.o
 .text.I2C_ITCmd
                0x0000000000000000       0x48 ls1c102_i2c.o
 .text.I2C_GenerateSTART
                0x0000000000000000       0x28 ls1c102_i2c.o
 .text.I2C_GenerateSTOP
                0x0000000000000000       0x28 ls1c102_i2c.o
 .text.I2C_AcknowledgeConfig
                0x0000000000000000       0x28 ls1c102_i2c.o
 .text.I2C_ReadRegister
                0x0000000000000000       0x2c ls1c102_i2c.o
 .text.I2C_ClearFlag
                0x0000000000000000       0x10 ls1c102_i2c.o
 .text.I2C_GetStatus
                0x0000000000000000       0x1c ls1c102_i2c.o
 .text.I2C_ClearIT
                0x0000000000000000       0x24 ls1c102_i2c.o
 .text.I2C_wait
                0x0000000000000000       0x20 ls1c102_i2c.o
 .text.I2C_Init
                0x0000000000000000       0x88 ls1c102_i2c.o
 .text.I2C_BUSY
                0x0000000000000000       0x20 ls1c102_i2c.o
 .text.I2C_Unlock
                0x0000000000000000       0x20 ls1c102_i2c.o
 .text.I2C_SendData
                0x0000000000000000       0x40 ls1c102_i2c.o
 .text.I2C_ReceiveData
                0x0000000000000000       0x4c ls1c102_i2c.o
 .rodata.I2C_Send7bitAddress.str1.4
                0x0000000000000000       0x33 ls1c102_i2c.o
 .text.I2C_Send7bitAddress
                0x0000000000000000       0x7c ls1c102_i2c.o
 .rodata.CAT24_Write.str1.4
                0x0000000000000000       0x47 ls1c102_i2c.o
 .text.CAT24_Write
                0x0000000000000000      0x118 ls1c102_i2c.o
 .rodata.CAT24_Read.str1.4
                0x0000000000000000       0x33 ls1c102_i2c.o
 .text.CAT24_Read
                0x0000000000000000      0x128 ls1c102_i2c.o
 .text.CAT24_Write_Int
                0x0000000000000000      0x108 ls1c102_i2c.o
 .text.CAT24_Read_Int
                0x0000000000000000      0x128 ls1c102_i2c.o
 .debug_info    0x0000000000000000      0xd02 ls1c102_i2c.o
 .debug_abbrev  0x0000000000000000      0x21f ls1c102_i2c.o
 .debug_loc     0x0000000000000000      0x644 ls1c102_i2c.o
 .debug_aranges
                0x0000000000000000       0xc0 ls1c102_i2c.o
 .debug_ranges  0x0000000000000000       0xb0 ls1c102_i2c.o
 .debug_line    0x0000000000000000      0x765 ls1c102_i2c.o
 .debug_str     0x0000000000000000      0x4ae ls1c102_i2c.o
 .comment       0x0000000000000000       0x12 ls1c102_i2c.o
 .eh_frame      0x0000000000000000      0x260 ls1c102_i2c.o
 COMMON         0x0000000000000000        0x1 ls1c102_i2c.o
 .text          0x0000000000000000        0x0 ls1c102_ptimer.o
 .data          0x0000000000000000        0x0 ls1c102_ptimer.o
 .bss           0x0000000000000000        0x0 ls1c102_ptimer.o
 .text.TIM_Init
                0x0000000000000000       0x7c ls1c102_ptimer.o
 .text.TIM_StructInit
                0x0000000000000000       0x44 ls1c102_ptimer.o
 .text.TIM_Cmd  0x0000000000000000       0x2c ls1c102_ptimer.o
 .text.TIM_ITConfig
                0x0000000000000000       0x50 ls1c102_ptimer.o
 .text.TIM_GetCounter
                0x0000000000000000       0x10 ls1c102_ptimer.o
 .text.TIM_SetCounter
                0x0000000000000000       0x10 ls1c102_ptimer.o
 .text.TIM_SetCompare
                0x0000000000000000       0x10 ls1c102_ptimer.o
 .text.TIM_GetCompare
                0x0000000000000000       0x10 ls1c102_ptimer.o
 .eh_frame      0x0000000000000000       0xdc ls1c102_ptimer.o
 .text          0x0000000000000000        0x0 ls1c102_touch.o
 .data          0x0000000000000000        0x0 ls1c102_touch.o
 .bss           0x0000000000000000        0x0 ls1c102_touch.o
 .text.Touch_CountBaseInit
                0x0000000000000000       0x58 ls1c102_touch.o
 .text.Touch_PerformInit
                0x0000000000000000       0x58 ls1c102_touch.o
 .text.Touch_ControlConfig
                0x0000000000000000       0x84 ls1c102_touch.o
 .text.TOUCH_Cmd
                0x0000000000000000       0x38 ls1c102_touch.o
 .text.TOUCH_GetBaseVal
                0x0000000000000000       0x18 ls1c102_touch.o
 .text.TOUCH_GetCountValue
                0x0000000000000000       0x18 ls1c102_touch.o
 .text.TOUCH_EnablePollScan
                0x0000000000000000       0x14 ls1c102_touch.o
 .text.TOUCH_disablePollScan
                0x0000000000000000       0x18 ls1c102_touch.o
 .text.TOUCH_EnableSingleScan
                0x0000000000000000       0x14 ls1c102_touch.o
 .text.TOUCH_SetDownTh
                0x0000000000000000       0x24 ls1c102_touch.o
 .text.TOUCH_SetBaseVal
                0x0000000000000000       0x28 ls1c102_touch.o
 .text.TOUCH_SetChnAttr
                0x0000000000000000       0x30 ls1c102_touch.o
 .text.TOUCH_SetAllChnAttr
                0x0000000000000000       0x4c ls1c102_touch.o
 .text.TOUCH_Init
                0x0000000000000000       0xd0 ls1c102_touch.o
 .rodata.Printf_KeyChannel.str1.4
                0x0000000000000000        0x6 ls1c102_touch.o
 .text.Printf_KeyChannel
                0x0000000000000000       0x68 ls1c102_touch.o
 .rodata.Printf_KeyType.str1.4
                0x0000000000000000       0x27 ls1c102_touch.o
 .text.Printf_KeyType
                0x0000000000000000       0x80 ls1c102_touch.o
 .rodata.Printf_KeyVal.str1.4
                0x0000000000000000       0x55 ls1c102_touch.o
 .text.Printf_KeyVal
                0x0000000000000000      0x124 ls1c102_touch.o
 .rodata.Printf_CountVal.str1.4
                0x0000000000000000       0x1a ls1c102_touch.o
 .text.Printf_CountVal
                0x0000000000000000       0x98 ls1c102_touch.o
 .debug_info    0x0000000000000000      0x848 ls1c102_touch.o
 .debug_abbrev  0x0000000000000000      0x1a6 ls1c102_touch.o
 .debug_loc     0x0000000000000000      0x2dc ls1c102_touch.o
 .debug_aranges
                0x0000000000000000       0xa8 ls1c102_touch.o
 .debug_ranges  0x0000000000000000       0x98 ls1c102_touch.o
 .debug_line    0x0000000000000000      0x67c ls1c102_touch.o
 .debug_str     0x0000000000000000      0x550 ls1c102_touch.o
 .comment       0x0000000000000000       0x12 ls1c102_touch.o
 .eh_frame      0x0000000000000000      0x1f0 ls1c102_touch.o
 .text          0x0000000000000000        0x0 ls1c102_vpwm.o
 .data          0x0000000000000000        0x0 ls1c102_vpwm.o
 .bss           0x0000000000000000        0x0 ls1c102_vpwm.o
 .text.vpwm_init_dma_bd
                0x0000000000000000       0x4c ls1c102_vpwm.o
 .text.vpwm_init_dma_bell
                0x0000000000000000       0x50 ls1c102_vpwm.o
 .text.vpwm_init_dma_tips
                0x0000000000000000       0x4c ls1c102_vpwm.o
 .text.dma_reset
                0x0000000000000000       0x30 ls1c102_vpwm.o
 .text.dma_start
                0x0000000000000000       0x68 ls1c102_vpwm.o
 .debug_info    0x0000000000000000      0x278 ls1c102_vpwm.o
 .debug_abbrev  0x0000000000000000      0x102 ls1c102_vpwm.o
 .debug_loc     0x0000000000000000      0x1b6 ls1c102_vpwm.o
 .debug_aranges
                0x0000000000000000       0x40 ls1c102_vpwm.o
 .debug_ranges  0x0000000000000000       0x30 ls1c102_vpwm.o
 .debug_line    0x0000000000000000      0x2b3 ls1c102_vpwm.o
 .debug_str     0x0000000000000000      0x275 ls1c102_vpwm.o
 .comment       0x0000000000000000       0x12 ls1c102_vpwm.o
 .eh_frame      0x0000000000000000       0x78 ls1c102_vpwm.o
 .text          0x0000000000000000        0x0 oled.o
 .data          0x0000000000000000        0x0 oled.o
 .bss           0x0000000000000000        0x0 oled.o
 .text.IIC_Start
                0x0000000000000000       0x44 oled.o
 .text.IIC_Stop
                0x0000000000000000       0x38 oled.o
 .text.IIC_Wait_Ack
                0x0000000000000000       0x2c oled.o
 .text.Write_IIC_Byte
                0x0000000000000000       0x90 oled.o
 .text.I2C_WriteByte
                0x0000000000000000       0x74 oled.o
 .text.OLED_ON  0x0000000000000000       0x2c oled.o
 .text.OLED_OFF
                0x0000000000000000       0x2c oled.o
 .text.OLED_DrawGIF
                0x0000000000000000       0xec oled.o
 .data.BMP1     0x0000000000000000      0x1de oled.o
 .eh_frame      0x0000000000000000      0x360 oled.o
 .text          0x0000000000000000        0x0 peri_test_sum.o
 .data          0x0000000000000000        0x0 peri_test_sum.o
 .bss           0x0000000000000000        0x0 peri_test_sum.o
 .text.do_exit  0x0000000000000000        0x4 peri_test_sum.o
 .rodata.do_help.str1.4
                0x0000000000000000       0x67 peri_test_sum.o
 .text.do_help  0x0000000000000000      0x140 peri_test_sum.o
 .rodata.cmdline.str1.4
                0x0000000000000000        0x4 peri_test_sum.o
 .text.cmdline  0x0000000000000000      0x878 peri_test_sum.o
 .text.GPIO_test
                0x0000000000000000      0x234 peri_test_sum.o
 .text.PWM_motor_test
                0x0000000000000000      0x13c peri_test_sum.o
 .text.PWM_servo_test
                0x0000000000000000      0x204 peri_test_sum.o
 .text.apb_test
                0x0000000000000000       0xd0 peri_test_sum.o
 .text.hpet_test
                0x0000000000000000      0x1ac peri_test_sum.o
 .rodata.uart_test.str1.4
                0x0000000000000000       0x42 peri_test_sum.o
 .text.uart_test
                0x0000000000000000      0x274 peri_test_sum.o
 .text.I2C_test
                0x0000000000000000      0x208 peri_test_sum.o
 .text.SPI_test
                0x0000000000000000      0x194 peri_test_sum.o
 .text.my_USART1_Init
                0x0000000000000000       0x3c peri_test_sum.o
 .text.my_USART0_Init
                0x0000000000000000       0x3c peri_test_sum.o
 .text.interrupt_fun
                0x0000000000000000       0x18 peri_test_sum.o
 .bss.num       0x0000000000000000        0x4 peri_test_sum.o
 .rodata.str1.4
                0x0000000000000000      0x337 peri_test_sum.o
 .rodata        0x0000000000000000      0x1e0 peri_test_sum.o
 .eh_frame      0x0000000000000000      0x218 peri_test_sum.o
 .text          0x0000000000000000        0x0 rc522.o
 .data          0x0000000000000000        0x0 rc522.o
 .bss           0x0000000000000000        0x0 rc522.o
 .text.MF522PcdConfigISOType
                0x0000000000000000       0x94 rc522.o
 .data.Password_Buffer
                0x0000000000000000        0x6 rc522.o
 .eh_frame      0x0000000000000000      0x220 rc522.o
 .text          0x0000000000000000        0x0 calIn8M.o
 .data          0x0000000000000000        0x0 calIn8M.o
 .bss           0x0000000000000000        0x0 calIn8M.o
 .text.check_clock
                0x0000000000000000       0x84 calIn8M.o
 .rodata.buad_test.str1.4
                0x0000000000000000       0x18 calIn8M.o
 .text.buad_test
                0x0000000000000000       0x54 calIn8M.o
 .text.test_8m_out
                0x0000000000000000       0x64 calIn8M.o
 .text.cal_in8m_touch
                0x0000000000000000      0x144 calIn8M.o
 .rodata.test_cal_in8m_touch_scan.str1.4
                0x0000000000000000       0x86 calIn8M.o
 .text.test_cal_in8m_touch_scan
                0x0000000000000000      0x15c calIn8M.o
 .debug_info    0x0000000000000000      0x4f5 calIn8M.o
 .debug_abbrev  0x0000000000000000      0x1a9 calIn8M.o
 .debug_loc     0x0000000000000000      0x2cf calIn8M.o
 .debug_aranges
                0x0000000000000000       0x40 calIn8M.o
 .debug_ranges  0x0000000000000000       0x60 calIn8M.o
 .debug_line    0x0000000000000000      0x490 calIn8M.o
 .debug_str     0x0000000000000000      0x301 calIn8M.o
 .comment       0x0000000000000000       0x12 calIn8M.o
 .eh_frame      0x0000000000000000       0xb8 calIn8M.o
 .text          0x0000000000000000        0x0 touch.o
 .data          0x0000000000000000        0x0 touch.o
 .bss           0x0000000000000000        0x0 touch.o
 .text.ls1c102_touch_init
                0x0000000000000000       0xd0 touch.o
 .rodata.ls102_touch_test.str1.4
                0x0000000000000000       0x44 touch.o
 .text.ls102_touch_test
                0x0000000000000000       0x78 touch.o
 .rodata.ls102_touch_basval_init.str1.4
                0x0000000000000000       0x12 touch.o
 .text.ls102_touch_basval_init
                0x0000000000000000       0xf0 touch.o
 .debug_info    0x0000000000000000      0x5d6 touch.o
 .debug_abbrev  0x0000000000000000      0x193 touch.o
 .debug_loc     0x0000000000000000       0x9a touch.o
 .debug_aranges
                0x0000000000000000       0x30 touch.o
 .debug_ranges  0x0000000000000000       0x20 touch.o
 .debug_line    0x0000000000000000      0x362 touch.o
 .debug_str     0x0000000000000000      0x4fa touch.o
 .comment       0x0000000000000000       0x12 touch.o
 .eh_frame      0x0000000000000000       0x80 touch.o
 .text          0x0000000000000000        0x0 uartTest.o
 .data          0x0000000000000000        0x0 uartTest.o
 .bss           0x0000000000000000        0x0 uartTest.o
 .text.recv_buf_init
                0x0000000000000000       0x4c uartTest.o
 .text.recv_dat_int
                0x0000000000000000       0x34 uartTest.o
 .rodata.test_uart_recv.str1.4
                0x0000000000000000       0x11 uartTest.o
 .text.test_uart_recv
                0x0000000000000000       0x5c uartTest.o
 .rodata.test_uart_send.str1.4
                0x0000000000000000        0xe uartTest.o
 .text.test_uart_send
                0x0000000000000000       0x60 uartTest.o
 .bss.g_recvBuff
                0x0000000000000000       0x14 uartTest.o
 .bss.g_recvCache
                0x0000000000000000      0x100 uartTest.o
 .bss.g_recv_flag
                0x0000000000000000        0x4 uartTest.o
 .debug_info    0x0000000000000000      0x43e uartTest.o
 .debug_abbrev  0x0000000000000000      0x186 uartTest.o
 .debug_loc     0x0000000000000000       0x48 uartTest.o
 .debug_aranges
                0x0000000000000000       0x38 uartTest.o
 .debug_ranges  0x0000000000000000       0x28 uartTest.o
 .debug_line    0x0000000000000000      0x29a uartTest.o
 .debug_str     0x0000000000000000      0x334 uartTest.o
 .comment       0x0000000000000000       0x12 uartTest.o
 .eh_frame      0x0000000000000000       0x8c uartTest.o
 .text          0x0000000000000000        0x0 Buffer.o
 .data          0x0000000000000000        0x0 Buffer.o
 .bss           0x0000000000000000        0x0 Buffer.o
 .text.Buffer_set
                0x0000000000000000       0x44 Buffer.o
 .text.Buffer_setReadData
                0x0000000000000000       0x44 Buffer.o
 .text.Buffer_reset
                0x0000000000000000       0x20 Buffer.o
 .text.Buffer_clear
                0x0000000000000000       0x64 Buffer.o
 .text.Buffer_canWrite
                0x0000000000000000       0x1c Buffer.o
 .text.Buffer_freeSize
                0x0000000000000000       0x1c Buffer.o
 .text.Buffer_read
                0x0000000000000000       0x44 Buffer.o
 .text.Buffer_readShort
                0x0000000000000000       0x60 Buffer.o
 .text.Buffer_readInt
                0x0000000000000000       0x58 Buffer.o
 .text.Buffer_writeShort
                0x0000000000000000       0x58 Buffer.o
 .text.Buffer_writeInt
                0x0000000000000000       0x58 Buffer.o
 .text.Buffer_charToHalfChar
                0x0000000000000000       0x54 Buffer.o
 .text.Buffer_readHexChar
                0x0000000000000000       0x7c Buffer.o
 .eh_frame      0x0000000000000000      0x1a0 Buffer.o
 .text          0x0000000000000000        0x0 main.o
 .data          0x0000000000000000        0x0 main.o
 .bss           0x0000000000000000        0x0 main.o
 .data.static_late
                0x0000000000000000        0x4 main.o
 .eh_frame      0x0000000000000000      0x154 main.o
 .text          0x0000000000000000        0x0 ls1c102_cmd.o
 .data          0x0000000000000000        0x0 ls1c102_cmd.o
 .bss           0x0000000000000000        0x0 ls1c102_cmd.o
 .text.do_nothing
                0x0000000000000000        0x8 ls1c102_cmd.o
 .rodata.str2num.str1.4
                0x0000000000000000       0x2b ls1c102_cmd.o
 .text.str2num  0x0000000000000000      0x158 ls1c102_cmd.o
 .rodata.do_d1.str1.4
                0x0000000000000000       0x33 ls1c102_cmd.o
 .text.do_d1    0x0000000000000000       0xd0 ls1c102_cmd.o
 .rodata.do_d4.str1.4
                0x0000000000000000       0x2f ls1c102_cmd.o
 .text.do_d4    0x0000000000000000       0xc0 ls1c102_cmd.o
 .rodata.do_m1.str1.4
                0x0000000000000000       0x1d ls1c102_cmd.o
 .text.do_m1    0x0000000000000000       0x64 ls1c102_cmd.o
 .rodata.do_m4.str1.4
                0x0000000000000000       0x1d ls1c102_cmd.o
 .text.do_m4    0x0000000000000000       0x60 ls1c102_cmd.o
 .rodata.v_play.str1.4
                0x0000000000000000       0x4e ls1c102_cmd.o
 .text.v_play   0x0000000000000000       0x8c ls1c102_cmd.o
 .rodata.touch_reg_show.str1.4
                0x0000000000000000       0x80 ls1c102_cmd.o
 .text.touch_reg_show
                0x0000000000000000       0xb8 ls1c102_cmd.o
 .rodata.touch_value_show.str1.4
                0x0000000000000000       0x60 ls1c102_cmd.o
 .text.touch_value_show
                0x0000000000000000       0x9c ls1c102_cmd.o
 .rodata.touch_test.str1.4
                0x0000000000000000      0x140 ls1c102_cmd.o
 .text.touch_test
                0x0000000000000000      0x1d4 ls1c102_cmd.o
 .rodata.hpet.str1.4
                0x0000000000000000       0x47 ls1c102_cmd.o
 .text.hpet     0x0000000000000000       0xcc ls1c102_cmd.o
 .rodata.latimer.str1.4
                0x0000000000000000       0x38 ls1c102_cmd.o
 .text.latimer  0x0000000000000000       0x78 ls1c102_cmd.o
 .rodata.delay.str1.4
                0x0000000000000000       0x42 ls1c102_cmd.o
 .text.delay    0x0000000000000000       0xd8 ls1c102_cmd.o
 .rodata.wakeup.str1.4
                0x0000000000000000       0x3b ls1c102_cmd.o
 .text.wakeup   0x0000000000000000       0x78 ls1c102_cmd.o
 .rodata.a_to_n.str1.4
                0x0000000000000000       0x1b ls1c102_cmd.o
 .text.a_to_n   0x0000000000000000       0x3c ls1c102_cmd.o
 .rodata.date.str1.4
                0x0000000000000000      0x13b ls1c102_cmd.o
 .text.date     0x0000000000000000      0x3b0 ls1c102_cmd.o
 .rodata.watch_dog.str1.4
                0x0000000000000000       0x34 ls1c102_cmd.o
 .text.watch_dog
                0x0000000000000000       0x6c ls1c102_cmd.o
 .text.i2cp     0x0000000000000000       0x28 ls1c102_cmd.o
 .rodata.i2cw.str1.4
                0x0000000000000000       0x42 ls1c102_cmd.o
 .text.i2cw     0x0000000000000000       0xc8 ls1c102_cmd.o
 .rodata.i2cr.str1.4
                0x0000000000000000       0x36 ls1c102_cmd.o
 .text.i2cr     0x0000000000000000       0x88 ls1c102_cmd.o
 .rodata.adc.str1.4
                0x0000000000000000       0x9a ls1c102_cmd.o
 .text.adc      0x0000000000000000      0x148 ls1c102_cmd.o
 .rodata.batdet.str1.4
                0x0000000000000000       0x42 ls1c102_cmd.o
 .text.batdet   0x0000000000000000      0x108 ls1c102_cmd.o
 .rodata.copy.str1.4
                0x0000000000000000       0x10 ls1c102_cmd.o
 .text.copy     0x0000000000000000      0x114 ls1c102_cmd.o
 .rodata.uart_init.str1.4
                0x0000000000000000       0x17 ls1c102_cmd.o
 .text.uart_init
                0x0000000000000000       0x78 ls1c102_cmd.o
 .text.sleep    0x0000000000000000       0x6c ls1c102_cmd.o
 .rodata.spi_init.str1.4
                0x0000000000000000        0xc ls1c102_cmd.o
 .text.spi_init
                0x0000000000000000       0x3c ls1c102_cmd.o
 .rodata.spi_write.str1.4
                0x0000000000000000       0x32 ls1c102_cmd.o
 .text.spi_write
                0x0000000000000000       0xcc ls1c102_cmd.o
 .rodata.spi_read.str1.4
                0x0000000000000000       0x48 ls1c102_cmd.o
 .text.spi_read
                0x0000000000000000       0xe0 ls1c102_cmd.o
 .rodata.spi_erase.str1.4
                0x0000000000000000       0x2b ls1c102_cmd.o
 .text.spi_erase
                0x0000000000000000       0x68 ls1c102_cmd.o
 .rodata.spi_flash.str1.4
                0x0000000000000000       0x42 ls1c102_cmd.o
 .text.spi_flash
                0x0000000000000000      0x158 ls1c102_cmd.o
 .text.gpio_int_test
                0x0000000000000000       0x70 ls1c102_cmd.o
 .text.gpio_int
                0x0000000000000000       0x1c ls1c102_cmd.o
 .text.tmp      0x0000000000000000        0x8 ls1c102_cmd.o
 .rodata.copy_iram.str1.4
                0x0000000000000000       0x29 ls1c102_cmd.o
 .text.copy_iram
                0x0000000000000000       0xcc ls1c102_cmd.o
 .debug_info    0x0000000000000000     0x263e ls1c102_cmd.o
 .debug_abbrev  0x0000000000000000      0x322 ls1c102_cmd.o
 .debug_loc     0x0000000000000000     0x1ade ls1c102_cmd.o
 .debug_aranges
                0x0000000000000000      0x128 ls1c102_cmd.o
 .debug_ranges  0x0000000000000000      0x160 ls1c102_cmd.o
 .debug_line    0x0000000000000000     0x1488 ls1c102_cmd.o
 .debug_str     0x0000000000000000      0x933 ls1c102_cmd.o
 .comment       0x0000000000000000       0x12 ls1c102_cmd.o
 .eh_frame      0x0000000000000000      0x530 ls1c102_cmd.o
 .text          0x0000000000000000        0x0 ls1c102_Interrupt.o
 .data          0x0000000000000000        0x0 ls1c102_Interrupt.o
 .bss           0x0000000000000000        0x0 ls1c102_Interrupt.o
 .rodata.SOFT_INT.str1.4
                0x0000000000000000       0x27 ls1c102_Interrupt.o
 .text.SOFT_INT
                0x0000000000000000       0x24 ls1c102_Interrupt.o
 .text.TIMER_8M_INT
                0x0000000000000000       0x34 ls1c102_Interrupt.o
 .eh_frame      0x0000000000000000      0x4a0 ls1c102_Interrupt.o
 COMMON         0x0000000000000000       0x80 ls1c102_Interrupt.o

Memory Configuration

Name             Origin             Length             Attributes
flash            0x000000001c000000 0x0000000000010000 r
iram             0x0000000080000000 0x0000000000001000 rw
dram             0x0000000080001000 0x0000000000001000 rw
*default*        0x0000000000000000 0xffffffffffffffff

Linker script and memory map


.text           0x000000001c000000     0x6a1c
                0x000000001c000000                . = ALIGN (0x4)
 *(.text .text.*)
 .text._start   0x000000001c000000     0x1128 start.o
                0x000000001c000000                _start
                0x000000001c0000a8                cpu_wait
 .text.EnableInt
                0x000000001c001128        0xc ls1x_common.o
                0x000000001c001128                EnableInt
 .text.Set_Timer_stop
                0x000000001c001134        0x8 ls1x_common.o
                0x000000001c001134                Set_Timer_stop
 .text.Set_Timer_clear
                0x000000001c00113c        0xc ls1x_common.o
                0x000000001c00113c                Set_Timer_clear
 .text.EXTI_ClearITPendingBit
                0x000000001c001148       0x10 ls1x_exti.o
                0x000000001c001148                EXTI_ClearITPendingBit
 .text.myputchar
                0x000000001c001158       0x20 ls1x_printf.o
                0x000000001c001158                myputchar
 .text.printbase
                0x000000001c001178       0xf0 ls1x_printf.o
                0x000000001c001178                printbase
 .text.puts     0x000000001c001268       0x58 ls1x_printf.o
                0x000000001c001268                puts
 .text.myprintf
                0x000000001c0012c0      0x208 ls1x_printf.o
                0x000000001c0012c0                myprintf
 .text.memset   0x000000001c0014c8       0x20 ls1x_string.o
                0x000000001c0014c8                memset
 .text.strstr   0x000000001c0014e8       0x58 ls1x_string.o
                0x000000001c0014e8                strstr
 .text.UART_SendData
                0x000000001c001540       0x14 ls1x_uart.o
                0x000000001c001540                UART_SendData
 .text.WDG_DogFeed
                0x000000001c001554       0x14 ls1x_wdg.o
                0x000000001c001554                WDG_DogFeed
 .text.gpio_init
                0x000000001c001568       0x84 soc_gpio.o
                0x000000001c001568                gpio_init
 .text.gpio_write
                0x000000001c0015ec       0x84 soc_gpio.o
                0x000000001c0015ec                gpio_write
 .text.gpio_read
                0x000000001c001670       0x58 soc_gpio.o
                0x000000001c001670                gpio_read
 .text.soc_I2C_delay
                0x000000001c0016c8       0x20 soc_i2c.o
                0x000000001c0016c8                soc_I2C_delay
 .text.soc_I2C_StructInit
                0x000000001c0016e8       0x20 soc_i2c.o
                0x000000001c0016e8                soc_I2C_StructInit
 .text.soc_I2C_GenerateSTART
                0x000000001c001708       0x24 soc_i2c.o
                0x000000001c001708                soc_I2C_GenerateSTART
 .text.soc_I2C_GenerateSTOP
                0x000000001c00172c       0x24 soc_i2c.o
                0x000000001c00172c                soc_I2C_GenerateSTOP
 .text.soc_I2C_wait
                0x000000001c001750       0x28 soc_i2c.o
                0x000000001c001750                soc_I2C_wait
 .text.soc_I2C_Init
                0x000000001c001778       0x70 soc_i2c.o
                0x000000001c001778                soc_I2C_Init
 .text.soc_I2C_Unlock
                0x000000001c0017e8       0x20 soc_i2c.o
                0x000000001c0017e8                soc_I2C_Unlock
 .text.soc_I2C_SendData
                0x000000001c001808       0x34 soc_i2c.o
                0x000000001c001808                soc_I2C_SendData
 .text.pwm_steering_engine_init
                0x000000001c00183c       0x2c soc_pwm.o
                0x000000001c00183c                pwm_steering_engine_init
 .text.pwm_steering_engine_set
                0x000000001c001868       0x30 soc_pwm.o
                0x000000001c001868                pwm_steering_engine_set
 .text.soc_Spi_FreqDiv
                0x000000001c001898       0x18 soc_spi.o
                0x000000001c001898                soc_Spi_FreqDiv
 .text.soc_Spi_Init
                0x000000001c0018b0       0x4c soc_spi.o
                0x000000001c0018b0                soc_Spi_Init
 .text.soc_Spi_Write_Read_1to4
                0x000000001c0018fc       0x60 soc_spi.o
                0x000000001c0018fc                soc_Spi_Write_Read_1to4
 .text.soc_Spi_Cs_Down
                0x000000001c00195c       0x24 soc_spi.o
                0x000000001c00195c                soc_Spi_Cs_Down
 .text.soc_Spi_Cs_Up
                0x000000001c001980       0x28 soc_spi.o
                0x000000001c001980                soc_Spi_Cs_Up
 .text.soc_Spi_Send
                0x000000001c0019a8       0x40 soc_spi.o
                0x000000001c0019a8                soc_Spi_Send
 .text.my_recv_dat_int
                0x000000001c0019e8       0x34 soc_uart.o
                0x000000001c0019e8                my_recv_dat_int
 .text.MYUSART_SendData
                0x000000001c001a1c       0x38 as608.o
 .text.SendAddr
                0x000000001c001a54       0x44 as608.o
 .text.SendFlag
                0x000000001c001a98       0x18 as608.o
 .text.SendLength
                0x000000001c001ab0       0x30 as608.o
 .text.Sendcmd  0x000000001c001ae0       0x18 as608.o
 .text.SendCheck
                0x000000001c001af8       0x30 as608.o
 .text.SendHead
                0x000000001c001b28       0x38 as608.o
 .text.JudgeStr
                0x000000001c001b60       0xe4 as608.o
 .text.PS_GetImage
                0x000000001c001c44       0x54 as608.o
                0x000000001c001c44                PS_GetImage
 .text.PS_GenChar
                0x000000001c001c98       0x68 as608.o
                0x000000001c001c98                PS_GenChar
 .text.PS_Match
                0x000000001c001d00       0x54 as608.o
                0x000000001c001d00                PS_Match
 .text.PS_RegModel
                0x000000001c001d54       0x54 as608.o
                0x000000001c001d54                PS_RegModel
 .text.PS_StoreChar
                0x000000001c001da8       0x9c as608.o
                0x000000001c001da8                PS_StoreChar
 .text.PS_Empty
                0x000000001c001e44       0x54 as608.o
                0x000000001c001e44                PS_Empty
 .text.PS_HighSpeedSearch
                0x000000001c001e98      0x108 as608.o
                0x000000001c001e98                PS_HighSpeedSearch
 .text.ShowErrMessage
                0x000000001c001fa0       0x98 as608.o
                0x000000001c001fa0                ShowErrMessage
 .text.Add_FR   0x000000001c002038      0x41c as608.o
                0x000000001c002038                Add_FR
 .text.press_FR
                0x000000001c002454      0x140 as608.o
                0x000000001c002454                press_FR
 .text.Del_FR_Lib
                0x000000001c002594       0x4c as608.o
                0x000000001c002594                Del_FR_Lib
 .text.SG90_GetAngle
                0x000000001c0025e0       0x18 duoji.o
                0x000000001c0025e0                SG90_GetAngle
 .text.SG90_Init
                0x000000001c0025f8       0x1c duoji.o
                0x000000001c0025f8                SG90_Init
 .text.SG90_Open
                0x000000001c002614       0x1c duoji.o
                0x000000001c002614                SG90_Open
 .text.SG90_Close
                0x000000001c002630       0x1c duoji.o
                0x000000001c002630                SG90_Close
 .text.clkey    0x000000001c00264c       0x44 key.o
                0x000000001c00264c                clkey
 .text.MatrixKey
                0x000000001c002690      0x780 key.o
                0x000000001c002690                MatrixKey
 .text.Buzzer   0x000000001c002e10       0x54 led.o
                0x000000001c002e10                Buzzer
 .text.Buzzer_one
                0x000000001c002e64       0x54 led.o
                0x000000001c002e64                Buzzer_one
 .text.TIM_GetITStatus
                0x000000001c002eb8       0x18 ls1c102_ptimer.o
                0x000000001c002eb8                TIM_GetITStatus
 .text.TIM_ClearIT
                0x000000001c002ed0       0x2c ls1c102_ptimer.o
                0x000000001c002ed0                TIM_ClearIT
 .text.WriteCmd
                0x000000001c002efc       0x5c oled.o
                0x000000001c002efc                WriteCmd
 .text.WriteDat
                0x000000001c002f58       0x5c oled.o
                0x000000001c002f58                WriteDat
 .text.OLED_Init
                0x000000001c002fb4      0x11c oled.o
                0x000000001c002fb4                OLED_Init
 .text.OLED_SetPos
                0x000000001c0030d0       0x44 oled.o
                0x000000001c0030d0                OLED_SetPos
 .text.OLED_Fill
                0x000000001c003114       0x7c oled.o
                0x000000001c003114                OLED_Fill
 .text.OLED_CLS
                0x000000001c003190       0x1c oled.o
                0x000000001c003190                OLED_CLS
 .text.OLED_ShowStr
                0x000000001c0031ac      0x174 oled.o
                0x000000001c0031ac                OLED_ShowStr
 .text.OLED_ShowCN
                0x000000001c003320       0xb0 oled.o
                0x000000001c003320                OLED_ShowCN
 .text.OLED_ShowCN_STR
                0x000000001c0033d0       0x70 oled.o
                0x000000001c0033d0                OLED_ShowCN_STR
 .text.OLED_DrawBMP
                0x000000001c003440       0xa8 oled.o
                0x000000001c003440                OLED_DrawBMP
 .text.OLED_ShowChar
                0x000000001c0034e8      0x10c oled.o
                0x000000001c0034e8                OLED_ShowChar
 .text.oled_pow
                0x000000001c0035f4       0x20 oled.o
                0x000000001c0035f4                oled_pow
 .text.OLED_ShowNum
                0x000000001c003614       0xf8 oled.o
                0x000000001c003614                OLED_ShowNum
 .text.my_GPIO_Init
                0x000000001c00370c      0x16c peri_test_sum.o
                0x000000001c00370c                my_GPIO_Init
 .text.my_I2C_Init
                0x000000001c003878       0x4c peri_test_sum.o
                0x000000001c003878                my_I2C_Init
 .text.my_PWM_Init
                0x000000001c0038c4       0x40 peri_test_sum.o
                0x000000001c0038c4                my_PWM_Init
 .text.my_SPI_Init
                0x000000001c003904       0x1c peri_test_sum.o
                0x000000001c003904                my_SPI_Init
 .text.Init_main
                0x000000001c003920       0x24 peri_test_sum.o
                0x000000001c003920                Init_main
 .text.delay_ns
                0x000000001c003944       0x20 rc522.o
                0x000000001c003944                delay_ns
 .text.RC522_ReadWriteByte
                0x000000001c003964       0x38 rc522.o
                0x000000001c003964                RC522_ReadWriteByte
 .text.ReadRawRC
                0x000000001c00399c       0x78 rc522.o
                0x000000001c00399c                ReadRawRC
 .text.WriteRawRC
                0x000000001c003a14       0x70 rc522.o
                0x000000001c003a14                WriteRawRC
 .text.SetBitMask
                0x000000001c003a84       0x40 rc522.o
                0x000000001c003a84                SetBitMask
 .text.ClearBitMask
                0x000000001c003ac4       0x4c rc522.o
                0x000000001c003ac4                ClearBitMask
 .text.PcdReset
                0x000000001c003b10       0xb0 rc522.o
                0x000000001c003b10                PcdReset
 .text.PcdAntennaOn
                0x000000001c003bc0       0x6c rc522.o
                0x000000001c003bc0                PcdAntennaOn
 .text.PcdAntennaOff
                0x000000001c003c2c       0x20 rc522.o
                0x000000001c003c2c                PcdAntennaOff
 .text.RC522_Init
                0x000000001c003c4c       0xd8 rc522.o
                0x000000001c003c4c                RC522_Init
 .text.PcdComMF522
                0x000000001c003d24      0x210 rc522.o
                0x000000001c003d24                PcdComMF522
 .text.PcdRequest
                0x000000001c003f34       0x9c rc522.o
                0x000000001c003f34                PcdRequest
 .text.PcdAnticoll
                0x000000001c003fd0       0xd8 rc522.o
                0x000000001c003fd0                PcdAnticoll
 .text.Return_Card
                0x000000001c0040a8       0x70 rc522.o
                0x000000001c0040a8                Return_Card
 .text.Buffer_write
                0x000000001c004118       0x54 Buffer.o
                0x000000001c004118                Buffer_write
 .text.interface_display
                0x000000001c00416c      0x890 main.o
                0x000000001c00416c                interface_display
 .text.Write_ID
                0x000000001c0049fc       0xa4 main.o
                0x000000001c0049fc                Write_ID
 .text.Delate_ID
                0x000000001c004aa0       0x6c main.o
                0x000000001c004aa0                Delate_ID
 .text.Read_ID  0x000000001c004b0c       0xf0 main.o
                0x000000001c004b0c                Read_ID
 .text.Key_main
                0x000000001c004bfc      0x308 main.o
                0x000000001c004bfc                Key_main
 .text.Key      0x000000001c004f04      0x2b0 main.o
                0x000000001c004f04                Key
 .text.Add_Key  0x000000001c0051b4      0x204 main.o
                0x000000001c0051b4                Add_Key
 .text.Delete_key
                0x000000001c0053b8       0x6c main.o
                0x000000001c0053b8                Delete_key
 .text.main     0x000000001c005424      0xbcc main.o
                0x000000001c005424                main
 .text.exti_gpioa0_irq_handler
                0x000000001c005ff0       0x3c ls1c102_Interrupt.o
                0x000000001c005ff0                exti_gpioa0_irq_handler
 .text.exti_gpioa1_irq_handler
                0x000000001c00602c       0x3c ls1c102_Interrupt.o
                0x000000001c00602c                exti_gpioa1_irq_handler
 .text.exti_gpioa2_irq_handler
                0x000000001c006068       0x3c ls1c102_Interrupt.o
                0x000000001c006068                exti_gpioa2_irq_handler
 .text.exti_gpioa3_irq_handler
                0x000000001c0060a4       0x3c ls1c102_Interrupt.o
                0x000000001c0060a4                exti_gpioa3_irq_handler
 .text.exti_gpioa4_irq_handler
                0x000000001c0060e0       0x3c ls1c102_Interrupt.o
                0x000000001c0060e0                exti_gpioa4_irq_handler
 .text.exti_gpioa5_irq_handler
                0x000000001c00611c       0x3c ls1c102_Interrupt.o
                0x000000001c00611c                exti_gpioa5_irq_handler
 .text.exti_gpioa6_irq_handler
                0x000000001c006158       0x3c ls1c102_Interrupt.o
                0x000000001c006158                exti_gpioa6_irq_handler
 .text.exti_gpioa7_irq_handler
                0x000000001c006194       0x3c ls1c102_Interrupt.o
                0x000000001c006194                exti_gpioa7_irq_handler
 .text.exti_gpiob0_irq_handler
                0x000000001c0061d0       0x3c ls1c102_Interrupt.o
                0x000000001c0061d0                exti_gpiob0_irq_handler
 .text.exti_gpiob1_irq_handler
                0x000000001c00620c       0x3c ls1c102_Interrupt.o
                0x000000001c00620c                exti_gpiob1_irq_handler
 .text.exti_gpiob2_irq_handler
                0x000000001c006248       0x3c ls1c102_Interrupt.o
                0x000000001c006248                exti_gpiob2_irq_handler
 .text.exti_gpiob3_irq_handler
                0x000000001c006284       0x3c ls1c102_Interrupt.o
                0x000000001c006284                exti_gpiob3_irq_handler
 .text.exti_gpiob4_irq_handler
                0x000000001c0062c0       0x3c ls1c102_Interrupt.o
                0x000000001c0062c0                exti_gpiob4_irq_handler
 .text.exti_gpiob5_irq_handler
                0x000000001c0062fc       0x3c ls1c102_Interrupt.o
                0x000000001c0062fc                exti_gpiob5_irq_handler
 .text.exti_gpiob6_irq_handler
                0x000000001c006338       0x3c ls1c102_Interrupt.o
                0x000000001c006338                exti_gpiob6_irq_handler
 .text.exti_gpiob7_irq_handler
                0x000000001c006374       0x3c ls1c102_Interrupt.o
                0x000000001c006374                exti_gpiob7_irq_handler
 .text.exti_gpioc0_irq_handler
                0x000000001c0063b0       0x3c ls1c102_Interrupt.o
                0x000000001c0063b0                exti_gpioc0_irq_handler
 .text.exti_gpioc1_irq_handler
                0x000000001c0063ec       0x3c ls1c102_Interrupt.o
                0x000000001c0063ec                exti_gpioc1_irq_handler
 .text.exti_gpioc2_irq_handler
                0x000000001c006428       0x3c ls1c102_Interrupt.o
                0x000000001c006428                exti_gpioc2_irq_handler
 .text.exti_gpioc3_irq_handler
                0x000000001c006464       0x3c ls1c102_Interrupt.o
                0x000000001c006464                exti_gpioc3_irq_handler
 .text.exti_gpioc4_irq_handler
                0x000000001c0064a0       0x3c ls1c102_Interrupt.o
                0x000000001c0064a0                exti_gpioc4_irq_handler
 .text.exti_gpioc5_irq_handler
                0x000000001c0064dc       0x3c ls1c102_Interrupt.o
                0x000000001c0064dc                exti_gpioc5_irq_handler
 .text.exti_gpioc6_irq_handler
                0x000000001c006518       0x3c ls1c102_Interrupt.o
                0x000000001c006518                exti_gpioc6_irq_handler
 .text.exti_gpioc7_irq_handler
                0x000000001c006554       0x3c ls1c102_Interrupt.o
                0x000000001c006554                exti_gpioc7_irq_handler
 .text.exti_gpiod0_irq_handler
                0x000000001c006590       0x3c ls1c102_Interrupt.o
                0x000000001c006590                exti_gpiod0_irq_handler
 .text.exti_gpiod1_irq_handler
                0x000000001c0065cc       0x3c ls1c102_Interrupt.o
                0x000000001c0065cc                exti_gpiod1_irq_handler
 .text.exti_gpiod2_irq_handler
                0x000000001c006608       0x3c ls1c102_Interrupt.o
                0x000000001c006608                exti_gpiod2_irq_handler
 .text.exti_gpiod3_irq_handler
                0x000000001c006644       0x3c ls1c102_Interrupt.o
                0x000000001c006644                exti_gpiod3_irq_handler
 .text.exti_gpiod4_irq_handler
                0x000000001c006680       0x3c ls1c102_Interrupt.o
                0x000000001c006680                exti_gpiod4_irq_handler
 .text.exti_gpiod5_irq_handler
                0x000000001c0066bc       0x3c ls1c102_Interrupt.o
                0x000000001c0066bc                exti_gpiod5_irq_handler
 .text.exti_gpiod6_irq_handler
                0x000000001c0066f8       0x3c ls1c102_Interrupt.o
                0x000000001c0066f8                exti_gpiod6_irq_handler
 .text.exti_gpiod7_irq_handler
                0x000000001c006734       0x3c ls1c102_Interrupt.o
                0x000000001c006734                exti_gpiod7_irq_handler
 .text.ext_handler
                0x000000001c006770       0x98 ls1c102_Interrupt.o
                0x000000001c006770                ext_handler
 .text.TIMER_WAKE_INT
                0x000000001c006808       0x30 ls1c102_Interrupt.o
                0x000000001c006808                TIMER_WAKE_INT
 .text.TOUCH    0x000000001c006838       0x4c ls1c102_Interrupt.o
                0x000000001c006838                TOUCH
 .text.UART2_INT
                0x000000001c006884       0x20 ls1c102_Interrupt.o
                0x000000001c006884                UART2_INT
 .text.BAT_FAIL
                0x000000001c0068a4       0x90 ls1c102_Interrupt.o
                0x000000001c0068a4                BAT_FAIL
 .text.INTC_Handler
                0x000000001c006934       0xc0 ls1c102_Interrupt.o
                0x000000001c006934                INTC_Handler
 .text.TIMER_HANDLER
                0x000000001c0069f4       0x28 ls1c102_Interrupt.o
                0x000000001c0069f4                TIMER_HANDLER
                0x000000001c006a1c                . = ALIGN (0x4)
                0x000000001c006a1c                _etext = .

.rodata         0x000000001c006a1c     0x1000
                0x000000001c006a1c                . = ALIGN (0x4)
 *(.rodata .rodata.*)
 .rodata.myprintf
                0x000000001c006a1c      0x150 ls1x_printf.o
 .rodata.Add_FR.str1.4
                0x000000001c006b6c        0x4 as608.o
 .rodata.Add_FR
                0x000000001c006b70       0x14 as608.o
 .rodata.F8X16  0x000000001c006b84      0x5f0 oled.o
                0x000000001c006b84                F8X16
 .rodata.F6x8   0x000000001c007174      0x228 oled.o
                0x000000001c007174                F6x8
 .rodata.interface_display.str1.4
                0x000000001c00739c        0xb main.o
 *fill*         0x000000001c0073a7        0x1 
 .rodata.interface_display
                0x000000001c0073a8       0x58 main.o
 .rodata.Key_main.str1.4
                0x000000001c007400        0x6 main.o
 *fill*         0x000000001c007406        0x2 
 .rodata.main   0x000000001c007408       0x50 main.o
 .rodata.gImage_cc
                0x000000001c007458      0x164 main.o
                0x000000001c007458                gImage_cc
 .rodata.exti_gpioa0_irq_handler.str1.4
                0x000000001c0075bc       0x1d ls1c102_Interrupt.o
 *fill*         0x000000001c0075d9        0x3 
 .rodata.TOUCH.str1.4
                0x000000001c0075dc       0x1e ls1c102_Interrupt.o
 *fill*         0x000000001c0075fa        0x2 
 .rodata.BAT_FAIL.str1.4
                0x000000001c0075fc       0x4a ls1c102_Interrupt.o
 *fill*         0x000000001c007646        0x2 
 .rodata.INTC_Handler.str1.4
                0x000000001c007648       0x25 ls1c102_Interrupt.o
 *fill*         0x000000001c00766d        0x3 
 .rodata.TIMER_HANDLER.str1.4
                0x000000001c007670       0x20 ls1c102_Interrupt.o
                                         0x1e (size before relaxing)
 .rodata.__FUNCTION__.1680
                0x000000001c007690        0xc ls1c102_Interrupt.o
 .rodata.__FUNCTION__.1671
                0x000000001c00769c       0x18 ls1c102_Interrupt.o
 .rodata.__FUNCTION__.1667
                0x000000001c0076b4       0x18 ls1c102_Interrupt.o
 .rodata.__FUNCTION__.1663
                0x000000001c0076cc       0x18 ls1c102_Interrupt.o
 .rodata.__FUNCTION__.1659
                0x000000001c0076e4       0x18 ls1c102_Interrupt.o
 .rodata.__FUNCTION__.1655
                0x000000001c0076fc       0x18 ls1c102_Interrupt.o
 .rodata.__FUNCTION__.1651
                0x000000001c007714       0x18 ls1c102_Interrupt.o
 .rodata.__FUNCTION__.1647
                0x000000001c00772c       0x18 ls1c102_Interrupt.o
 .rodata.__FUNCTION__.1643
                0x000000001c007744       0x18 ls1c102_Interrupt.o
 .rodata.__FUNCTION__.1639
                0x000000001c00775c       0x18 ls1c102_Interrupt.o
 .rodata.__FUNCTION__.1635
                0x000000001c007774       0x18 ls1c102_Interrupt.o
 .rodata.__FUNCTION__.1631
                0x000000001c00778c       0x18 ls1c102_Interrupt.o
 .rodata.__FUNCTION__.1627
                0x000000001c0077a4       0x18 ls1c102_Interrupt.o
 .rodata.__FUNCTION__.1623
                0x000000001c0077bc       0x18 ls1c102_Interrupt.o
 .rodata.__FUNCTION__.1619
                0x000000001c0077d4       0x18 ls1c102_Interrupt.o
 .rodata.__FUNCTION__.1615
                0x000000001c0077ec       0x18 ls1c102_Interrupt.o
 .rodata.__FUNCTION__.1611
                0x000000001c007804       0x18 ls1c102_Interrupt.o
 .rodata.__FUNCTION__.1607
                0x000000001c00781c       0x18 ls1c102_Interrupt.o
 .rodata.__FUNCTION__.1603
                0x000000001c007834       0x18 ls1c102_Interrupt.o
 .rodata.__FUNCTION__.1599
                0x000000001c00784c       0x18 ls1c102_Interrupt.o
 .rodata.__FUNCTION__.1595
                0x000000001c007864       0x18 ls1c102_Interrupt.o
 .rodata.__FUNCTION__.1591
                0x000000001c00787c       0x18 ls1c102_Interrupt.o
 .rodata.__FUNCTION__.1587
                0x000000001c007894       0x18 ls1c102_Interrupt.o
 .rodata.__FUNCTION__.1583
                0x000000001c0078ac       0x18 ls1c102_Interrupt.o
 .rodata.__FUNCTION__.1579
                0x000000001c0078c4       0x18 ls1c102_Interrupt.o
 .rodata.__FUNCTION__.1575
                0x000000001c0078dc       0x18 ls1c102_Interrupt.o
 .rodata.__FUNCTION__.1571
                0x000000001c0078f4       0x18 ls1c102_Interrupt.o
 .rodata.__FUNCTION__.1567
                0x000000001c00790c       0x18 ls1c102_Interrupt.o
 .rodata.__FUNCTION__.1563
                0x000000001c007924       0x18 ls1c102_Interrupt.o
 .rodata.__FUNCTION__.1559
                0x000000001c00793c       0x18 ls1c102_Interrupt.o
 .rodata.__FUNCTION__.1555
                0x000000001c007954       0x18 ls1c102_Interrupt.o
 .rodata.__FUNCTION__.1551
                0x000000001c00796c       0x18 ls1c102_Interrupt.o
 .rodata.__FUNCTION__.1547
                0x000000001c007984       0x18 ls1c102_Interrupt.o
 .rodata.Ext_IrqHandle
                0x000000001c00799c       0x80 ls1c102_Interrupt.o
                0x000000001c00799c                Ext_IrqHandle
                0x000000001c007a1c                . = ALIGN (0x4)
                0x000000001c007a1c                _sidata = ALIGN (., 0x4)
                0x000000001c007a1c                . = ALIGN (0x4)

.rela.dyn       0x000000001c007a1c        0x0
 .rela.rodata.myprintf
                0x000000001c007a1c        0x0 start.o
 .rela.got      0x000000001c007a1c        0x0 start.o
 .rela.rodata.Add_FR
                0x000000001c007a1c        0x0 start.o
 .rela.rodata.interface_display
                0x000000001c007a1c        0x0 start.o
 .rela.rodata.main
                0x000000001c007a1c        0x0 start.o
 .rela.rodata.Ext_IrqHandle
                0x000000001c007a1c        0x0 start.o

.data           0x0000000080001000      0xa90 load address 0x000000001c007a1c
                0x0000000080001000                _sdata = .
                0x0000000080001000                . = ALIGN (0x4)
 *(.got.plt)
 .got.plt       0x0000000080001000        0x0 start.o
                0x0000000080001000                . = ALIGN (0x4)
 *(.got)
 .got           0x0000000080001000       0x1c start.o
                0x0000000080001000                _GLOBAL_OFFSET_TABLE_
                0x000000008000101c                . = ALIGN (0x4)
 *(.data .data.*)
 .data.AS608Addr
                0x000000008000101c        0x4 as608.o
                0x000000008000101c                AS608Addr
 .data.F16x16   0x0000000080001020      0xa40 oled.o
                0x0000000080001020                F16x16
 .data.mode     0x0000000080001a60        0x4 main.o
                0x0000000080001a60                mode
 .data.flag1    0x0000000080001a64        0x4 main.o
                0x0000000080001a64                flag1
 .data.IDArray  0x0000000080001a68       0x14 main.o
                0x0000000080001a68                IDArray
 .data.passwordArray
                0x0000000080001a7c       0x14 main.o
                0x0000000080001a7c                passwordArray
                0x0000000080001a90                . = ALIGN (0x4)
                0x0000000080001a90                _edata = .

.bss            0x0000000080000000      0x1c4
                0x0000000080000000                _sbss = .
                0x0000000080000000                . = ALIGN (0x4)
 *(.sbss)
                0x0000000080000000                . = ALIGN (0x4)
 *(.bss)
                0x0000000080000000                . = ALIGN (0x4)
 *(.scommon)
                0x0000000080000000                . = ALIGN (0x4)
 *(COMMON)
 COMMON         0x0000000080000000      0x19c as608.o
                0x0000000080000000                AS608Para
                0x000000008000000c                USART0_RX_BUF
 COMMON         0x000000008000019c       0x1d rc522.o
                0x000000008000019c                Temp
                0x00000000800001a0                RF_Buffer
                0x00000000800001b4                UID
 *fill*         0x00000000800001b9        0x3 
 COMMON         0x00000000800001bc        0x8 main.o
                0x00000000800001bc                Count
                0x00000000800001c0                Password
                0x00000000800001c4                . = ALIGN (0x4)
                0x00000000800001c4                _ebss = .
LOAD start.o
LOAD serial.o
LOAD wakeup.o
LOAD UserGpio.o
LOAD ls1x_clock.o
LOAD ls1x_common.o
LOAD ls1x_exti.o
LOAD ls1x_flash.o
LOAD ls1x_gpio.o
LOAD ls1x_latimer.o
LOAD ls1x_logo.o
LOAD ls1x_pmu.o
LOAD ls1x_printf.o
LOAD ls1x_rtc.o
LOAD ls1x_spi.o
LOAD ls1x_string.o
LOAD ls1x_uart.o
LOAD ls1x_wdg.o
LOAD soc_AT24CXX.o
LOAD soc_gpio.o
LOAD soc_hpet.o
LOAD soc_i2c.o
LOAD soc_printf.o
LOAD soc_pwm.o
LOAD soc_spi.o
LOAD soc_uart.o
LOAD soc_w25qxx.o
LOAD as608.o
LOAD duoji.o
LOAD key.o
LOAD led.o
LOAD ls1c102_i2c.o
LOAD ls1c102_ptimer.o
LOAD ls1c102_touch.o
LOAD ls1c102_vpwm.o
LOAD oled.o
LOAD peri_test_sum.o
LOAD rc522.o
LOAD calIn8M.o
LOAD touch.o
LOAD uartTest.o
LOAD Buffer.o
LOAD main.o
LOAD ls1c102_cmd.o
LOAD ls1c102_Interrupt.o
OUTPUT(ls1c102_demo.elf elf32-loongarch)

.bss.g_recvBuff
                0x00000000800001c4       0x14
 .bss.g_recvBuff
                0x00000000800001c4       0x14 soc_uart.o

.bss.USART0_RX_STA
                0x00000000800001d8        0x1
 .bss.USART0_RX_STA
                0x00000000800001d8        0x1 as608.o
                0x00000000800001d8                USART0_RX_STA

.bss.KeyNum     0x00000000800001d9        0x1
 .bss.KeyNum    0x00000000800001d9        0x1 main.o
                0x00000000800001d9                KeyNum

.debug_line     0x0000000000000000     0x8da5
 .debug_line    0x0000000000000000       0xb4 start.o
 .debug_line    0x00000000000000b4      0x2a4 ls1x_common.o
 .debug_line    0x0000000000000358      0x2e4 ls1x_exti.o
 .debug_line    0x000000000000063c      0x814 ls1x_printf.o
 .debug_line    0x0000000000000e50      0x901 ls1x_string.o
 .debug_line    0x0000000000001751      0x4af ls1x_uart.o
 .debug_line    0x0000000000001c00      0x1b2 ls1x_wdg.o
 .debug_line    0x0000000000001db2      0x1d2 soc_gpio.o
 .debug_line    0x0000000000001f84      0x325 soc_i2c.o
 .debug_line    0x00000000000022a9      0x11a soc_pwm.o
 .debug_line    0x00000000000023c3      0x3a7 soc_spi.o
 .debug_line    0x000000000000276a      0x309 soc_uart.o
 .debug_line    0x0000000000002a73      0xf77 as608.o
 .debug_line    0x00000000000039ea       0xfd duoji.o
 .debug_line    0x0000000000003ae7      0x6a2 key.o
 .debug_line    0x0000000000004189      0x1a5 led.o
 .debug_line    0x000000000000432e      0x331 ls1c102_ptimer.o
 .debug_line    0x000000000000465f      0x911 oled.o
 .debug_line    0x0000000000004f70     0x1375 peri_test_sum.o
 .debug_line    0x00000000000062e5      0x7b5 rc522.o
 .debug_line    0x0000000000006a9a      0x642 Buffer.o
 .debug_line    0x00000000000070dc     0x153f main.o
 .debug_line    0x000000000000861b      0x78a ls1c102_Interrupt.o

.debug_info     0x0000000000000000     0xd37f
 .debug_info    0x0000000000000000       0x26 start.o
 .debug_info    0x0000000000000026      0x23e ls1x_common.o
 .debug_info    0x0000000000000264      0x3be ls1x_exti.o
 .debug_info    0x0000000000000622      0x952 ls1x_printf.o
 .debug_info    0x0000000000000f74      0x8b6 ls1x_string.o
 .debug_info    0x000000000000182a      0x6f5 ls1x_uart.o
 .debug_info    0x0000000000001f1f      0x2a8 ls1x_wdg.o
 .debug_info    0x00000000000021c7      0x321 soc_gpio.o
 .debug_info    0x00000000000024e8      0x39c soc_i2c.o
 .debug_info    0x0000000000002884      0x130 soc_pwm.o
 .debug_info    0x00000000000029b4      0x2d3 soc_spi.o
 .debug_info    0x0000000000002c87      0x3b2 soc_uart.o
 .debug_info    0x0000000000003039     0x2119 as608.o
 .debug_info    0x0000000000005152      0x127 duoji.o
 .debug_info    0x0000000000005279      0x7c7 key.o
 .debug_info    0x0000000000005a40      0x26e led.o
 .debug_info    0x0000000000005cae      0x32d ls1c102_ptimer.o
 .debug_info    0x0000000000005fdb     0x11cc oled.o
 .debug_info    0x00000000000071a7     0x2087 peri_test_sum.o
 .debug_info    0x000000000000922e      0xe17 rc522.o
 .debug_info    0x000000000000a045      0x5d3 Buffer.o
 .debug_info    0x000000000000a618     0x1b36 main.o
 .debug_info    0x000000000000c14e     0x1231 ls1c102_Interrupt.o

.debug_abbrev   0x0000000000000000     0x2271
 .debug_abbrev  0x0000000000000000       0x14 start.o
 .debug_abbrev  0x0000000000000014       0xf4 ls1x_common.o
 .debug_abbrev  0x0000000000000108      0x167 ls1x_exti.o
 .debug_abbrev  0x000000000000026f      0x250 ls1x_printf.o
 .debug_abbrev  0x00000000000004bf      0x221 ls1x_string.o
 .debug_abbrev  0x00000000000006e0      0x257 ls1x_uart.o
 .debug_abbrev  0x0000000000000937       0xeb ls1x_wdg.o
 .debug_abbrev  0x0000000000000a22       0xff soc_gpio.o
 .debug_abbrev  0x0000000000000b21      0x198 soc_i2c.o
 .debug_abbrev  0x0000000000000cb9       0xbb soc_pwm.o
 .debug_abbrev  0x0000000000000d74      0x138 soc_spi.o
 .debug_abbrev  0x0000000000000eac      0x196 soc_uart.o
 .debug_abbrev  0x0000000000001042      0x2dd as608.o
 .debug_abbrev  0x000000000000131f       0x84 duoji.o
 .debug_abbrev  0x00000000000013a3       0xea key.o
 .debug_abbrev  0x000000000000148d       0xb8 led.o
 .debug_abbrev  0x0000000000001545      0x127 ls1c102_ptimer.o
 .debug_abbrev  0x000000000000166c      0x1ff oled.o
 .debug_abbrev  0x000000000000186b      0x2cc peri_test_sum.o
 .debug_abbrev  0x0000000000001b37      0x236 rc522.o
 .debug_abbrev  0x0000000000001d6d      0x157 Buffer.o
 .debug_abbrev  0x0000000000001ec4      0x1c0 main.o
 .debug_abbrev  0x0000000000002084      0x1ed ls1c102_Interrupt.o

.debug_aranges  0x0000000000000000      0xa78
 .debug_aranges
                0x0000000000000000       0x20 start.o
 .debug_aranges
                0x0000000000000020       0x68 ls1x_common.o
 .debug_aranges
                0x0000000000000088       0x50 ls1x_exti.o
 .debug_aranges
                0x00000000000000d8       0x78 ls1x_printf.o
 .debug_aranges
                0x0000000000000150       0xa0 ls1x_string.o
 .debug_aranges
                0x00000000000001f0       0x80 ls1x_uart.o
 .debug_aranges
                0x0000000000000270       0x30 ls1x_wdg.o
 .debug_aranges
                0x00000000000002a0       0x30 soc_gpio.o
 .debug_aranges
                0x00000000000002d0       0x60 soc_i2c.o
 .debug_aranges
                0x0000000000000330       0x38 soc_pwm.o
 .debug_aranges
                0x0000000000000368       0x50 soc_spi.o
 .debug_aranges
                0x00000000000003b8       0x48 soc_uart.o
 .debug_aranges
                0x0000000000000400      0x118 as608.o
 .debug_aranges
                0x0000000000000518       0x38 duoji.o
 .debug_aranges
                0x0000000000000550       0x28 key.o
 .debug_aranges
                0x0000000000000578       0x50 led.o
 .debug_aranges
                0x00000000000005c8       0x68 ls1c102_ptimer.o
 .debug_aranges
                0x0000000000000630       0xc0 oled.o
 .debug_aranges
                0x00000000000006f0       0xb0 peri_test_sum.o
 .debug_aranges
                0x00000000000007a0       0x90 rc522.o
 .debug_aranges
                0x0000000000000830       0x88 Buffer.o
 .debug_aranges
                0x00000000000008b8       0x60 main.o
 .debug_aranges
                0x0000000000000918      0x160 ls1c102_Interrupt.o

.debug_str      0x0000000000000000     0x1ff5
 .debug_str     0x0000000000000000       0x79 start.o
 .debug_str     0x0000000000000079      0x224 ls1x_common.o
                                        0x29c (size before relaxing)
 .debug_str     0x000000000000029d      0x1e3 ls1x_exti.o
                                        0x3b1 (size before relaxing)
 .debug_str     0x0000000000000480      0x13e ls1x_printf.o
                                        0x323 (size before relaxing)
 .debug_str     0x00000000000005be      0x158 ls1x_string.o
                                        0x32f (size before relaxing)
 .debug_str     0x0000000000000716      0x1da ls1x_uart.o
                                        0x458 (size before relaxing)
 .debug_str     0x00000000000008f0      0x140 ls1x_wdg.o
                                        0x311 (size before relaxing)
 .debug_str     0x0000000000000a30      0x101 soc_gpio.o
                                        0x2c0 (size before relaxing)
 .debug_str     0x0000000000000b31      0x178 soc_i2c.o
                                        0x378 (size before relaxing)
 .debug_str     0x0000000000000ca9       0xa1 soc_pwm.o
                                        0x20a (size before relaxing)
 .debug_str     0x0000000000000d4a       0xe5 soc_spi.o
                                        0x2a4 (size before relaxing)
 .debug_str     0x0000000000000e2f      0x14e soc_uart.o
                                        0x320 (size before relaxing)
 .debug_str     0x0000000000000f7d      0x31d as608.o
                                        0x56a (size before relaxing)
 .debug_str     0x000000000000129a       0x53 duoji.o
                                        0x1ef (size before relaxing)
 .debug_str     0x00000000000012ed       0x5b key.o
                                        0x1e3 (size before relaxing)
 .debug_str     0x0000000000001348       0x7b led.o
                                        0x212 (size before relaxing)
 .debug_str     0x00000000000013c3      0x130 ls1c102_ptimer.o
                                        0x349 (size before relaxing)
 .debug_str     0x00000000000014f3      0x167 oled.o
                                        0x3df (size before relaxing)
 .debug_str     0x000000000000165a      0x201 peri_test_sum.o
                                        0x583 (size before relaxing)
 .debug_str     0x000000000000185b      0x1a0 rc522.o
                                        0x42a (size before relaxing)
 .debug_str     0x00000000000019fb      0x10e Buffer.o
                                        0x331 (size before relaxing)
 .debug_str     0x0000000000001b09       0xd3 main.o
                                        0x424 (size before relaxing)
 .debug_str     0x0000000000001bdc      0x419 ls1c102_Interrupt.o
                                        0x6ae (size before relaxing)

.debug_loc      0x0000000000000000     0x76d2
 .debug_loc     0x0000000000000000       0xe5 ls1x_common.o
 .debug_loc     0x00000000000000e5      0x139 ls1x_exti.o
 .debug_loc     0x000000000000021e      0x94f ls1x_printf.o
 .debug_loc     0x0000000000000b6d      0xab8 ls1x_string.o
 .debug_loc     0x0000000000001625      0x2ab ls1x_uart.o
 .debug_loc     0x00000000000018d0      0x269 soc_gpio.o
 .debug_loc     0x0000000000001b39      0x14c soc_i2c.o
 .debug_loc     0x0000000000001c85       0x25 soc_pwm.o
 .debug_loc     0x0000000000001caa      0x116 soc_spi.o
 .debug_loc     0x0000000000001dc0       0x84 soc_uart.o
 .debug_loc     0x0000000000001e44     0x15ce as608.o
 .debug_loc     0x0000000000003412       0x25 duoji.o
 .debug_loc     0x0000000000003437      0x5eb key.o
 .debug_loc     0x0000000000003a22       0x9a led.o
 .debug_loc     0x0000000000003abc       0xb4 ls1c102_ptimer.o
 .debug_loc     0x0000000000003b70      0xda0 oled.o
 .debug_loc     0x0000000000004910     0x1767 peri_test_sum.o
 .debug_loc     0x0000000000006077      0x91f rc522.o
 .debug_loc     0x0000000000006996      0x5d3 Buffer.o
 .debug_loc     0x0000000000006f69      0x684 main.o
 .debug_loc     0x00000000000075ed       0xe5 ls1c102_Interrupt.o

.debug_ranges   0x0000000000000000      0xbe0
 .debug_ranges  0x0000000000000000       0x58 ls1x_common.o
 .debug_ranges  0x0000000000000058       0x40 ls1x_exti.o
 .debug_ranges  0x0000000000000098       0x68 ls1x_printf.o
 .debug_ranges  0x0000000000000100       0x90 ls1x_string.o
 .debug_ranges  0x0000000000000190       0x70 ls1x_uart.o
 .debug_ranges  0x0000000000000200       0x20 ls1x_wdg.o
 .debug_ranges  0x0000000000000220       0x20 soc_gpio.o
 .debug_ranges  0x0000000000000240       0x50 soc_i2c.o
 .debug_ranges  0x0000000000000290       0x28 soc_pwm.o
 .debug_ranges  0x00000000000002b8       0x40 soc_spi.o
 .debug_ranges  0x00000000000002f8       0x50 soc_uart.o
 .debug_ranges  0x0000000000000348      0x120 as608.o
 .debug_ranges  0x0000000000000468       0x28 duoji.o
 .debug_ranges  0x0000000000000490      0x288 key.o
 .debug_ranges  0x0000000000000718       0x40 led.o
 .debug_ranges  0x0000000000000758       0x58 ls1c102_ptimer.o
 .debug_ranges  0x00000000000007b0       0xb0 oled.o
 .debug_ranges  0x0000000000000860       0xd0 peri_test_sum.o
 .debug_ranges  0x0000000000000930       0x80 rc522.o
 .debug_ranges  0x00000000000009b0       0x78 Buffer.o
 .debug_ranges  0x0000000000000a28       0x68 main.o
 .debug_ranges  0x0000000000000a90      0x150 ls1c102_Interrupt.o

.comment        0x0000000000000000       0x11
 .comment       0x0000000000000000       0x11 ls1x_common.o
                                         0x12 (size before relaxing)
 .comment       0x0000000000000011       0x12 ls1x_exti.o
 .comment       0x0000000000000011       0x12 ls1x_printf.o
 .comment       0x0000000000000011       0x12 ls1x_string.o
 .comment       0x0000000000000011       0x12 ls1x_uart.o
 .comment       0x0000000000000011       0x12 ls1x_wdg.o
 .comment       0x0000000000000011       0x12 soc_gpio.o
 .comment       0x0000000000000011       0x12 soc_i2c.o
 .comment       0x0000000000000011       0x12 soc_pwm.o
 .comment       0x0000000000000011       0x12 soc_spi.o
 .comment       0x0000000000000011       0x12 soc_uart.o
 .comment       0x0000000000000011       0x12 as608.o
 .comment       0x0000000000000011       0x12 duoji.o
 .comment       0x0000000000000011       0x12 key.o
 .comment       0x0000000000000011       0x12 led.o
 .comment       0x0000000000000011       0x12 ls1c102_ptimer.o
 .comment       0x0000000000000011       0x12 oled.o
 .comment       0x0000000000000011       0x12 peri_test_sum.o
 .comment       0x0000000000000011       0x12 rc522.o
 .comment       0x0000000000000011       0x12 Buffer.o
 .comment       0x0000000000000011       0x12 main.o
 .comment       0x0000000000000011       0x12 ls1c102_Interrupt.o
